[    0.000000] Initializing cgroup subsys cpuset
[    0.000000] Initializing cgroup subsys cpu
[    0.000000] Initalizing cgroup subsys cpuacct
[    0.000000] Linux version 4.4.0-142-generic (buildd@lgw01-amd64-033) (gcc version 5.4.0 20160609 (Ubuntu 5.4.0-6ubuntu1~16.04.10) ) #168-UbuntuMP Wed Jan 16 21:00:45 UTC 2019 (Ubuntu 4.4..0-12.168-generic 4.4.167)
[    0.000000] Command line: BOOT_IMAGE=/boot/vlinu-4.4.0-142-generic root=LABEL=cloudig-rootf r console=tty1 console=ttyS0
[    0.000000] KERNEL supported cpus:
[    0.000000]   Intel GenuineIntel
[    0.000000]   AMD AuthenticAMD
[    0.000000]   Centaur CentaurHauls
[    0.000000] x86/fpu: xstate_offset[2]:  576, xstate_sizes[2]:  256
[    0.000000] x86/fpu: Supporting XSAVE feature 0x01: 'x87 floating point registers'
[    0.000000] x86/fpu: Supporting XSAVE feature 0x02: 'SSE registers'
[    0.000000] x86/fpu: Supporting XSAVE feature 0x04: 'AVX registers'
[    0.000000] x86/f: Enabed xstate features 0x7, context size is 832 bytes, using standard' format.
[    0.000000] e820: BIOS-provided physical RAM map:
[    0.000000] BIOS-e820: [mem 0x0000000000000000-0x000000000009fbff] usable
[    0.000000] BIOS-e820: [mem 0x000000000009fc00-0x000000000009ffff] reserved
[    0.000000] BIOS-e820: [mem 0x00000000000f0000-0x00000000000fffff] reserved
[    0.000000] BIOS-e820: [mem 0x0000000000100000-0x000000007ffeffff] usable
[    0.000000] BIOS-e820: [mem 0x000000007fff0000-0x000000007fffffff] ACPI data
[    0.000000] BIOS-e820: [mem 0x00000000fec00000-0x00000000fec00fff] reserved
[    0.00000] BIOS-e820: [mem 0x00000000fee00000-0x00000000fee00fff] reserved
[    0.000000] BIOS-e820: [mem 0x00000000fffc0000-0x00000000ffffffff] reserved
[    0.000000] NX (Execute Disable) protection: active
[    0.000000] SMBIOS 2.5 present.
[    0.000000] Hypervisor detected: KVM
[    0.000000] e820: last_pfn = 0x7fff0 maxarchpfn  0x400000000
[    0.000000] MTRR: Disabled
[    0.000000] x86/PAT: MTRRs disabled, skipping PAT initialization too.
[    0.000000] CPU MTRRs all blank - virtualized system.
   0.000000] x86PA: Configuration [0-7]: WB  WT  UC- UC  WB  WT  UC- UC  
[    0.000000] found SMP MP-table at [mem 0x0009fff0-0x0009ffff] mapped at [ffff88000009fff0]
[    0.000000] Scanning 1 areas for low memory corruption
[    0.000000] RAMDISK: [mem 0x3630a000-0x3717cfff]
[    0.000000] ACPI: Early table checksum verification disbled
[    0.00000] ACPI: RSDP 0x00000000000E0000 000024 (v02 VBOX  )
[    0.000000] ACPI: XSDT 0x000000007FFF0030 00003C (v01 VBOX   VBOXXSDT 00000001 ASL  00000061)
[    0.000000] ACPI: FACP 0x000000007FFF00F0 0000F4 (v04 VBOX   VBOXFACP 00000001 ASL  00000061)
    .000000] ACPI: DSDT 0x000000007FFF0470 0021FF (v02 VBOX   VBOXBIOS 00000002 INTL 20100528)
[    0.000000] ACPI: FACS 0x000000007FFF0200 000040
[    0.000000] ACPI: FACS 0x000000007FFF0200 000040
[    0.000000] ACPI: APIC 0x000000007FFF0240 00005C (v02 VBOX   VBOXAPIC 00000001 ASL  00000061)
[    0.000000] ACPI: SSDT 0x000000007FFF02A0 0001CC (v01 VBOX   VBOXCPUT 00000002 INTL 20100528)
[    0.000000] No NUMA configuration found
[    0.000000] Faking a node at [mem 0x0000000000000000-0x000000007ffeffff]
[    0.000000] NODE_DATA(0) allocate [mem 0x7ffeb000-0x7ffefff]
[    0.000000] kvm-clock: Using msrs 4b564d01 and 4b564d00
[    0.000000] kvm-clock: cpu 0, msr 0ffe3001, primary cpu clock
[    0.00000] kvm-clock: using sched ooffset of 4486177181 cycles
[    0.000000] clocksource: kvm-clock: mask: 0xffffffffffffffff max_cycles: 0x1cd42e4dffb, max_idle_ns: 881590591483 ns
[    0.000000] Zone ranges:
[    0.000000]   DMA      [mem 0x0000000000001000-0x0000000000ffffff]
[    0.000000]   DMA32    [em 0x0000000001000000-0x000000007ffeffff]
[    0.000000]   Normal   empty
[    0.000000]   Device   empty
[    0.000000] Movable zone start for each node
[    0.000000] Early memory node ranges
[    0.000000]   node   0: [mem 0x0000000000001000-0x000000000009efff]
[    0.000000]   node   0: [mem 0x0000000000100000-0x000000007ffeffff]
[    0.000000] Initm etp node 0 [mem 0x0000000000001000-0x000000007ffeffff]
[    0.000000] ACPI: PM-Timer IO Port: 0x4008
[[    0.000000] IOAPIC[0]: apic_id 2, version 32, address 0xfec00000, GSI 0-23
[    0.000] API: INT_SRC_OVR (bus 0 bus_irq 0 global_irq 2 dfl dfl)
[    0.000000] ACPI: INT_SRC_OVR (bus 0 bus_irq 9 gbal_rq 9low evel
    0.000000] Using ACPI (MADT) for SMP configuration information
[    0.000000] smpboot: Allowing 2 CPUs, 0 hotplug CPUs
[    0.000000] PM: Registered nosave memory: [mem 0x000000000x00000fff
   0000000] P: egistered nosave memory: [mem 0x0009f000-0x0009ffff]
[    0.000000] PM: Registered nosave memory: [mem 0x000a0000-0x000effff]
[   0.00000]PM Registered nosave memory: [mem 0x000f0000-0x000fffff]
[    0.000000] e820: [mem 0x80000000-0xfebfffff] available for PCI devices[    0.0000] Bootig aravirtalized kernel on KVM
[    0.000000] clocksource: refined-jiffies: mask: 0xffffffff max_cycles: 0xffffffff, max_idle_ns: 7645519600211568 ns
[   .00000] setup_percpu: NR_CPUS:512 nr_cpumask_bits:512 nr_cpu_ids:2 nr_node_ids:1
[    0.000000] PERCPU: Embedded 34 pages/cpu @ffff88007fc00000 s99480 r8192 d31592 u1048576
[    0.000000] Built 1 zonelists in Node order, mobility grouping on.  Total pages: 515960
[    0.000000] Policy zone: DMA32
[    0.000000] Kernel command line: BOOT_IMAGE=/boot/vmlinuz-4.4.0-142-generic root=LABEL=cloudimg-rootfs r console=tty1 console=ttyS0
[    0.000000] PID hash table entries: 4096 (order: 3, 32768 bytes)
[    0.000000] Memory: 2029928K/209696K available (8603K kernel code, 1332K rwdata, 4004K rodata, 1484K init, 1316K bss, 66768K reserved, 0K cma-reserved)
[    0.000000] SLUB: HWalign=64, Order=0-3, MinObjects=0, CPUs=2, Nodes=1
  0.000000] Kernel/User page tables isolation: enabled
[    0.000000] Hierarchical RCU implementation.
[    0.000000] 	Build-time adjustment of leaf fanout to 64.
[   .00000] 	RCU restricting CPUs from NR_CPUS=512 to nr_cpu_ids=2.
[    0.000000] RCU: justing geomry for rcu_fanout_leaf=64, nr_cpu_idds=
[    0.000000] NR_IRQS:33024 nr_irqs:440 16
[    0.000000] Console: colour VGA+ 80x25
[    0.000000] console [tty1] enabled
[    0.000000] console [ttyS0] enabled
[    0.000000] tsc: Detected 1608.000 MHz processor
[    1.506101] Calibrating delay loop (skipped) preset value.. 3216.00 BogoMIPS (lpj=6432000)
[    1.517265] pid_max: default: 32768 minimum: 301
[    1.519206] ACPI: Core revision 20150930
[    1.522053] ACPI: 2 ACPI AML tables successfully acquired and loaded
[    1.534643] Security Framework initialized
[    1.563533] Yama: becoming mindful.
[    1.565220] AppArmor: AppArmor initialized
[    1.569225] Dentry cache hash table entries: 262144 (order: 9, 2097152 bytes)
[    1.572371] Inode-cache hash table entries: 131072 (order: 8, 1048576 bytes)
[    1.577184] Mount-cache hash table entries: 4096 (order: 3, 32768 bytes)
[    1.596013] Mountpoint-cache hash table entries: 4096 (order: 3, 32768 bytes)
[    1.617387] Initializing cgroup subsys io
[    1.619226] Initializing cgroup subsys memory
[    1.621064] Initializing cgroup subsys devices
[    1.622892] Initializing cgroup subsys freezer
[    1.624698] Initializing cgroup subsys net_cls
[    1.630836] Initializing cgroup subsys perf_event
[    1.632433] Initializing cgroup subsys net_prio
[    1.640955] Initializing cgroup subsys hugetlb
[    1.642502] Initializing cgroup subsys pids
[    1.656419] mce: CPU supports 0 MCE banks
[    1.663851] Last level iTLB entries: 4KB 64, 2MB 8, 4MB 8
[    1.666185] Last level dTLB entries: 4KB 64, 2MB 0, 4MB 0, 1GB 4
[    1.674089] Spectre V2 : Mitigation: Full generic retpoline
[    1.681790] Spectre V2 : Spectre v2 / SpectreRSB mitigation: Filling RSB on context switch
[    1.703984] Speculative Store Bypass: Vulnerable
[    1.709559] Freeing SMP alternatives memory: 32K
[    1.722149] ftrace: allocating 32277 entries in 127 pages
[    1.779639] smpboot: APIC(0) Converting physical 0 to logical package 0
[    1.805841] smpboot: Max logical packages: 1
[    1.813455] x2apic enabled
[    1.814992] Switched APIC routing to physical x2apic.
[    1.818349] ..TIMER: vector=0x30 apic1=0 pin1=2 apic2=-1 pin2=-1
[    1.926621] smpboot: CPU0: Intel(R) Core(TM) i5-8210Y CPU @ 1.60GHz (family: 0x6, model: 0x8e, stepping: 0x9)
[    1.959455] Performance Events: unsupported p6 CPU model 142 no PMU driver, software events only.
[    1.973434] KVM setup paravirtual spinlock
[    1.984800] x86: Booting SMP configuration:
[    1.993215] .... node  #0, CPUs:      #1
[    2.000617] kvm-clock: cpu 1, msr 0:7ffe3041, secondary cpu clock
[    2.003902] mce: CPU supports 0 MCE banks
[    2.006917] x86: Booted up 1 node, 2 CPUs
[    2.008463] smpboot: Total of 2 processors activated (6432.00 BogoMIPS)
[    2.011149] devtmpfs: initialized
[    2.015156] evm: security.selinux
[    2.016906] evm: security.SMACK64
[    2.018173] evm: security.SMACK64EXEC
[    2.019849] evm: security.SMACK64TRANSMUTE
[    2.021571] evm: security.SMACK64MMAP
[    2.022888] evm: security.ima
[    2.024166] evm: security.capability
[    2.026328] clocksource: jiffies: mask: 0xffffffff max_cycles: 0xffffffff, max_idle_ns: 7645041785100000 ns
[    2.029512] futex hash table entries: 512 (order: 3, 32768 bytes)
[    2.031540] pinctrl core: initialized pinctrl subsystem
[    2.033259] RTC time:  1:33:46, date: 02/16/19
[    2.034910] NET: Registered protocol family 16
[    2.051288] cpuidle: using governor ladder
[    2.074247] cpuidle: using governor menu
[    2.085145] PCCT header not found.
[    2.096957] ACPI: bus type PCI registered
[    2.098578] acpiphp: ACPI Hot Plug PCI Controller Driver version: 0.5
[    2.115070] PCI: Using configuration type 1 for base access
[    2.128212] ACPI: Added _OSI(Module Device)
[    2.155161] ACPI: Added _OSI(Processor Device)
[    2.171424] ACPI: Added _OSI(3.0 _SCP Extensions)
[    2.172941] ACPI: Added _OSI(Processor Aggregator Device)
[    2.199443] ACPI: Executed 1 blocks of module-level executable AML code
[    2.215713] ACPI: Interpreter enabled
[    2.217135] ACPI: (supports S0 S5)
[    2.218276] ACPI: Using IOAPIC for interrupt routing
[    2.220163] PCI: Using host bridge windows from ACPI; if necessary, use "pci=nocrs" and report a bug
[    2.228023] ACPI: PCI Root Bridge [PCI0] (domain 0000 [bus 00-ff])
[    2.265738] acpi PNP0A03:00: _OSC: OS supports [ASPM ClockPM Segments MSI]
[    2.273989] acpi PNP0A03:00: _OSC: not requesting OS control; OS requires [ExtendedConfig ASPM ClockPM MSI]
[    2.313337] acpi PNP0A03:00: fail to add MMCONFIG information, can't access extended PCI configuration space under this bridge.
[    2.317942] PCI host bridge to bus 0000:00
[    2.319423] pci_bus 0000:00: root bus resource [io  0x0000-0x0cf7 window]
[    2.323659] pci_bus 0000:00: root bus resource [io  0x0d00-0xffff window]
[    2.349237] pci_bus 0000:00: root bus resource [mem 0x000a0000-0x000bffff window]
[    2.351657] pci_bus 0000:00: root bus resource [mem 0x80000000-0xfdffffff window]
[    2.354066] pci_bus 0000:00: root bus resource [bus 00-ff]
[    2.359887] pci 0000:00:01.1: legacy IDE quirk: reg 0x10: [io  0x01f0-0x01f7]
[    2.362818] pci 0000:00:01.1: legacy IDE quirk: reg 0x14: [io  0x03f6]
[    2.371360] pci 0000:00:01.1: legacy IDE quirk: reg 0x18: [io  0x0170-0x0177]
[    2.374163] pci 0000:00:01.1: legacy IDE quirk: reg 0x1c: [io  0x0376]
[    2.413466] pci 0000:00:07.0: quirk: [io  0x4000-0x403f] claimed by PIIX4 ACPI
[    2.421023] pci 0000:00:07.0: quirk: [io  0x4100-0x410f] claimed by PIIX4 SMB
[    2.466156] ACPI: PCI Interrupt Link [LNKA] (IRQs 5 9 10 *11)
[    2.481037] ACPI: PCI Interrupt Link [LNKB] (IRQs 5 9 *10 11)
[    2.483987] ACPI: PCI Interrupt Link [LNKC] (IRQs 5 *9 10 11)
[    2.507111] ACPI: PCI Interrupt Link [LNKD] (IRQs 5 9 10 *11)
[    2.515417] ACPI: Enabled 2 GPEs in block 00 to 07
[    2.517879] vgaarb: setting as boot device: PCI:0000:00:02.0
[    2.519804] vgaarb: device added: PCI:0000:00:02.0,decodes=io+mem,owns=io+mem,locks=none
[    2.522387] vgaarb: loaded
[    2.523447] vgaarb: bridge control possible 0000:00:02.0
[    2.528257] SCSI subsystem initialized
[    2.558370] ACPI: bus type USB registered
[    2.565412] usbcore: registered new interface driver usbfs
[    2.567597] usbcore: registered new interface driver hub
[    2.569669] usbcore: registered new device driver usb
[    2.571784] PCI: Using ACPI for IRQ routing
[    2.573721] NetLabel: Initializing
[    2.591671] NetLabel:  domain hash size = 128
[    2.599335] NetLabel:  protocols = UNLABELED CIPSOv4
[    2.602560] NetLabel:  unlabeled traffic allowed by default
[    2.605133] amd_nb: Cannot enumerate AMD northbridges
[    2.613109] clocksource: Switched to clocksource kvm-clock
[    22911ApArmor: AppArmor Filesystem Enabled
[   2.74240] pnp: PnP ACPI init
[    2.821807] pnp: PnP ACPI: found 3 devices

[    2840377] clocksource: acpi_pm: mask: 0xffffff max_cycles: 0xffffff, max_idle_ns: 2085701024 ns
[    2.866474] NET: Registered protocol family 2

[    2.868180] TCP established hash table entries: 16384 (order: 5, 131072 bytes)
[    2.870690] TCP bind hash table entries: 16384 (order: 6, 262144 bytes)
[    2.872737] TCP: Hash tables configured (established 16384 bind6384)
[    2.921656] UDP hash table entries: 1024 (order: 3, 32768 bytes)
[    2.923570] UDP-Lite sh table entries: 1024 (order: 3, 32768 bytes)
[    2.972955] NET: Registered protocol family 1
[   .974389] pci 0000:00:00.0: Limiting direct PCI/PCI transfers
[    3.021326] pci 0000:00:01.0: Activating ISA DMA hang workarounds
[    3.023628] Unpakig initramfs...

[    3.297213] Freeing initrd memory: 14796K
[    3.309434] platform rtc_cmos: registered platform RTC device (no PNP device found)
[    3.319820] Scanning for low memory corruption every 60 seconds
[    3.322537] audit: initializing netlink subsys (disabled)
[    3.324537] audit: type=2000 audit(1550280832.092:1): initialized
[    3.345246] Initialise system trusted keyring
[    3.368638] HugeTLB registered 2 MB page size, pre-allocated 0 pages
[    3.371942] zbud: loaded
[    3.373395] VFS: Disk quotas dquot_6.6.0
[    3.397173] VFS: Dquot-cache hash table entries: 512 (order 0, 4096 bytes)
[    3.401553] squashfs: version 4.0 (2009/01/31) Phillip Lougher
[    3.403801] fuse init (API version 7.23)
[    3.415126] Key type big_key registered
[    3.416563] Allocating IMA MOK and blacklist keyrings.
[    3.420433] Key type asymmetric registered
[    3.421995] Asymmetric key parser 'x509' registered
[    3.423942] Block layer SCSI generic (bsg) driver version 0.4 loaded (major 249)
[    3.467598] io scheduler noop registered
[    3.469175] io scheduler deadline registered (default)
[    3.471149] io scheduler cfq registered
[    3.472854] pci_hotplug: PCI Hot Plug PCI Core version: 0.5
[    3.489627] pciehp: PCI Express Hot Plug Controller Driver version: 0.4
[    3.497619] ACPI: AC Adapter [AC] (off-line)
[    3.499184] input: Power Button as /devices/LNXSYSTM:00/LNXPWRBN:00/input/input0
[    3.502407] ACPI: Power Button [PWRF]
[    3.504083] input: Sleep Button as /devices/LNXSYSTM:00/LNXSLPBN:00/input/input1
[    3.509184] ACPI: Sleep Button [SLPF]
[    3.512887] ACPI: Battery Slot [BAT0] (battery present)
[    3.515643] GHES: HEST is not enabled!
[    3.523696] Serial: 8250/16550 driver, 32 ports, IRQ sharing enabled
[    3.557325] 00:02: ttyS0 at I/O 0x3f8 (irq = 4, base_baud = 5200) is a1650A

[    3.677942] Linux agpgart interface v0.103
[    3.684121] loop: module loaded
[    3.691965] scsi host0: ata_piix
[    3.74593] scs host: ata_piix
[    3.822363] ata1: PATA max UDMA/33 cd 0xf0 ctl 0x3f6 bmdma 0xd000 irq 14
[    3.868882] ata2: PATA max UDMA/33 cmd 0x170 ctl 0x376 bmdma 0xd008 irq 15

[    3.871624] libphy: Fixed MDIO Bus: probed
[    3.873412] tun: UniversaTUN/TAP device driver, 1.6
[    3.920703] tun: (C) 1999-2004 Max Krasnyansky <maxk@qualcomm.com>

[    3.922868] PPP generic driver version 2.4.2
[    3.924541] ehci_hcd: USB 2.0 'Enhanced' Host Controller (EHCI) Driver
[    3.964502] ehci-pci: EHCI PCI platform driver
[    3.966319] ehci-platform: EHCI generic platform driver
[    3.968276] ohci_hcd: USB 1.1 'Open' Host Controller (OHCI) Driver
[    3.970318] ohci-pci: OHCI PCI platform driver
[    3.971779] ohci-platform: OHCI generic platform driver
[    3.973493] uhci_hcd: USB Univsal Host Controller Interface driver
[    4.020096] i8042: PNP: PS/2 Controller [PNP0303:PS2K,PNP0f03:PS2M] at 0x60,0x64 irq 1,12
[    4.023334] serio: i8042 KBD port at 60,0x64 irq 1

[    4.071671] serio: i8042 AUX port at 0x60,0x64 irq 12
[    4.073561] mousedev: PS/2 mouse device common for all mice
[    4.108424] rtc_cmos rtc_cmos: rtc core: registered rtc_cmos as rtc0
[    4.114438] input: AT Translated Set 2 keyboard as /devices/platform/i8042/serio0/input/input2
[    4.117533] rtc_cmos rtc_cmos: alarms up to one day, 114 bytes nvram
[    4.119701] i2c /dev entries driver
[    4.121355] device-mapper: uevent: version 1.0.3
[    4.123123] device-mapper: ioctl: 4.34.0-ioctl (2015-10-28) initialised: dm-devel@redhat.com
[    4.145738] ledtrig-cpu: registered to indicate activity on CPUs
[    4.170580] NET: Registered protocol family 10
[    4.172620] NET: Registered protocol family 17
[    4.174432] Key type dns_resolver registered
[    4.207744] registered taskstats version 1
[    4.221973] Loading compiled-in X.509 certificates
[    4.224086] Loaded X.509 cert 'Build time autogenerated kernel key: bff73e56bc0efa7435b2a24f5427674623f1be80'
[    4.263192] zswap: loaded using pool lzo/zbud
[    4.266849] Key type trusted registered
[    4.271743] Key type encrypted registered
[    4.273431] AppArmor: AppArmor sha1 policy hashing enabled
[    4.303167] ima: No TPM chip found, activating TPM-bypass!
[    4.305296] ima: Allocated hash algorithm: sha1
[    4.313717] evm: HMAC attrs: 0x1
[    4.317209] tsc: Refined TSC clocksource calibration: 1607.438 MHz
[    4.317212] clocksource: tsc: mask: 0xffffffffffffffff max_cycles: 0x172b9757034, max_idle_ns: 440795236326 ns
[    4.323813]   Magic number: 7:309:559
[    4.331100] tty ttyS31: hash matches
[    4.332691] rtc_cmos rtc_cmos: setting system clock to 2019-02-16 01:33:48 UTC (1550280828)
[    4.353906] BIOS EDD facility v0.16 2004-Jun-25, 0 devices found
[    4.367685] EDD information not available.
[    4.370712] Freeing unused kernel memory: 1484K
[    4.389476] Write protecting the kernel read-only data: 14336k
[    4.400010] Freeing unused kernel memory: 1624K
[    4.402202] Freeing unused kernel memory: 92K
Loading, please wait...
starting version 229
[    4.420844] random: systemd-udevd: uninitialized urandom read (16 bytes read, 5 bits of entropy available)
[    4.421090] random: udevadm: uninitialized urandom read (16 bytes read, 5 bits of entropy available)
[    4.421114] random: udevadm: uninitialized urandom read (16 bytes read, 5 bits of entropy available)
[    4.431531] random: udevadm: uninitialized urandom read (16 bytes read, 5 bits of entropy available)
[    4.431574] random: udevadm: uninitialized urandom read (16 bytes read, 5 bits of entropy available)
[    4.431698] random: udevadm: uninitialized urandom read (16 bytes read, 5 bits of entropy available)
[    4.431742] random: udevadm: uninitialized urandom read (16 bytes read, 5 bits of entropy available)
[    4.431783] random: udevadm: uninitialized urandom read (16 bytes read, 5 bits of entropy available)
[    4.431825] random: udevadm: uninitialized urandom read (16 bytes read, 5 bits of entropy available)
[    4.431865] random: udevadm: uninitialized urandom read (16 bytes read, 5 bits of entropy available)
[    4.551853] e1000: Intel(R) PRO/1000 Network Driver - version 7.3.21-k8-NAPI
[    4.568191] e1000: Copyright (c) 1999-2006 Intel Corporation.
[    4.572144] Fusion MPT base driver 3.04.20
[    4.574239] Copyright (c) 1999-2008 LSI Corporation
[    4.584096] Fusion MPT SPI Host driver 3.04.20
[    4.608738] AVX2 version of gcm_enc/dec engaged.
[    4.610691] AES CTR mode by8 optimization enabled
[    4.801886] input: ImExPS/2 Generic Explorer Mouse as /devices/platform/i8042/serio1/input/input4
[    5.341101] e1000 0000:00:03.0 eth0: (PCI:33MHz:32-bit) 02:a9:46:80:4d:77
[    5.504578] e1000 0000:00:03.0 eth0: Intel(R) PRO/1000 Network Connection
[    5.509790] mptbase: ioc0: Initiating bringup
[    5.513968] e1000 0000:00:03.0 enp0s3: renamed from eth0
[    5.666966] ioc0: LSI53C1030 A0: Capabilities={Initiator}
[    6.410954] scsi host2: ioc0: LSI53C1030 A0, FwRev=00000000h, Ports=1, MaxQ=256, IRQ=20
[    6.727422] scsi 2:0:0:0: Direct-Access     VBOX     HARDDISK         1.0  PQ: 0 ANSI: 5
[    6.922663] scsi target2:0:0: Beginning Domain Validation
[    6.930039] scsi target2:0:0: Domain Validation skipping write tests
[    6.942753] scsi target2:0:0: Ending Domain Validation
[    6.952329] scsi target2:0:0: asynchronous
[    6.955712] scsi 2:0:1:0: Direct-Access     VBOX     HARDDISK         1.0  PQ: 0 ANSI: 5
[    6.964226] scsi target2:0:1: Beginning Domain Validation
[    6.971022] scsi target2:0:1: Domain Validation skipping write tests
[    6.975071] scsi target2:0:1: Ending Domain Validation
[    6.978908] scsi target2:0:1: asynchronous
[    7.002904] sd 2:0:0:0: Attached scsi generic sg0 type 0
[    7.005032] sd 2:0:1:0: Attached scsi generic sg1 type 0
[    7.005035] sd 2:0:0:0: [sda] 20971520 512-byte logical blocks: (10.7 GB/10.0 GiB)
[    7.009193] sd 2:0:1:0: [sdb] 20480 512-byte logical blocks: (10.5 MB/10.0 MiB)
[    7.013326] sd 2:0:1:0: [sdb] Write Protect is off
[    7.013501] sd 2:0:0:0: [sda] Write Protect is off
[    7.017523] sd 2:0:0:0: [sda] Incomplete mode parameter data
[    7.017525] sd 2:0:0:0: [sda] Assuming drive cache: write through
[    7.023445] sd 2:0:1:0: [sdb] Incomplete mode parameter data
[    7.055710] sd 2:0:1:0: [sdb] Assuming drive cache: write through
[    7.065226]  sda: sda1
[    7.066511] sd 2:0:1:0: [sdb] Attached SCSI disk
[    7.070337] sd 2:0:0:0: [sda] Attached SCSI disk
Begin: Loading e[    8.402133] md: linear personality registered for level -1
ssential drivers ... [    8.415763] md: multipath personality registered for level -4
[    8.420891] md: raid0 personality registered for level 0
[    8.428026] md: raid1 personality registered for level 1
[    8.501769] raid6: sse2x1   gen() 11357 MB/s
[    8.573354] raid6: sse2x1   xor()  8077 MB/s
[    8.661474] raid6: sse2x2   gen() 13727 MB/s
[    8.729443] raid6: sse2x2   xor()  8677 MB/s
[    8.825735] raid6: sse2x4   gen() 15418 MB/s
[    8.929291] raid6: sse2x4   xor() 10578 MB/s
[    9.017148] raid6: avx2x1   gen() 21015 MB/s
[    9.085329] raid6: avx2x2   gen() 25443 MB/s
[    9.177373] raid6: avx2x4   gen() 18681 MB/s
[    9.184211] raid6: using algorithm avx2x2 gen() 25443 MB/s
[    9.191681] raid6: using avx2x2 recovery algorithm
[    9.200054] xor: automatically using best checksumming function:
[    9.245182]    avx       : 21092.000 MB/sec
[    9.252190] async_tx: api initialized (async)
[    9.276029] md: raid6 personality registered for level 6
[    9.278459] md: raid5 personality registered for level 5
[    9.306445] md: raid4 personality registered for level 4
[    9.319194] md: raid10 personality registered for level 10
done.
Begin: Running /scripts/init-premount ... done.
Begin: Mounting root file system ... Begin: Running /scripts/local-top ... done.
Begin: Running /scripts/local-premount ... [    9.355519] Btrfs loaded
Scanning for Btrfs filesystems
done.
Warning: fsck not present, so sk[    9.399721] EXT4-fs (sda1): mounted filesystem with ordered data mode. Opts: (null)
ipping root file system
done.
Begin: Running /scripts/local-bottom ... done.
Begin: Running /scripts/init-bottom ... done.
[    9.567208] systemd[1]: systemd 229 running in system mode. (+PAM +AUDIT +SELINUX +IMA +APPARMOR +SMACK +SYSVINIT +UTMP +LIBCRYPTSETUP +GCRYPT +GNUTLS +ACL +XZ -LZ4 +SECCOMP +BLKID +ELFUTILS +KMOD -IDN)
[    9.573014] systemd[1]: Detected virtualization oracle.
[    9.580462] systemd[1]: Detected architecture x86-64.

Welcome to [1mUbuntu 16.04.5 LTS[0m!

[    9.1609] systemd[1]: Sethonae t<ubuntu>.

[    9.815231] systemd[1]: Initializing machine ID from random generator.
[    9.817487] systemd[1]: Installed transient /etc/machine-id file.
[   10.016779] systemd[1]: Listening on LVM2 metadata daemon socket.
[[0;32m  OK  [0m] Listening on LVM2 metadata daemon socket.
[   10.0206] systemd[1]: Started Forwar Pssword Requests to Wall Directory Watch.
[[0;32m  OK  [0m] Started Forward Password Requests to Wall Directory Watch.
[   10.313828] systemd[1]: Listening n Syslog Socke.
[[0;32m  OK  [0m] Listening on Syslog Socket.
[   10.415487] systemd[1]: Listening on /dev/initctl Compatibility Named Pipe.
[[0;32m  OK  [0m] Listening on /dev/initctl Compatibility Named Pipe.
[   10.423439] system[1: Listening on udev Control Socket.
[[0;32m  OK  [0m] Listening on udev Control Socket.
[   10.475609] systemd[1]: Listening on Journal Audit Socket.
[[0;32m  OK  [0m] Listening on Journal Audit Socket.
[   10.513453] systemd[1]: Reached target System Time Synchronized.
[[0;32m  OK  [0m] Reached target System Time Synchronized.
[   10.768513] systemd[1]: Listening on Device-mapper evet daemon FIFOs.
[[0;32m  OK  [0m] Listening on Device-mapper event daemon FIFOs.
[   10.822071] systemd[1]: Listening on LVM2 poll daemon socket.
[[0;32m  OK  [0m] Listening on LVM2 poll daemon socket.
[   10.921723] systemd[1]: Reached target User and Group am Looup.
[[0;32m  OK  [0m] Reached target User and Group Name Lookups.
[   11.321639] systemd[1]: Listeningon udev Kernel Socket.
[[0;32m  OK  [0m] Listening on udev Kernel Socket.
[   11.356932] systemd[1]: Listening on Journal Socket (/dev/log).
[[0;32m  OK  [0m] Listening on Journal Socket (/dev/log).
[   11.425938] systemd[1]: Reched target Swap.
[[0;32m  OK  [0m] Reached target Swap.
[   11.52677] systemd[1]: Listening on Journal Socket.
[[0;32m  OK  [0m] Listening on Journal Socket.
[   11.565053] sysemd[1]: Created slice System Slice.
[[0;32m  OK  [0m] Created slice System Slice.
[   11.929817] systemd[1]: Starting Journal Service...
         Starting Journal Service...
[   11.964744] systemd[1]: Starting Uncomplicated firewall...
         Starting Uncomplicated firewall...
[   11.984651] systemd[1]: Starting Monitoring of LVM2 mirrors, snapshots etc. using dmeventd or progress polling...
         Starting Monitoring of LVM2 mirrors... dmeventd or progress polling...
[   12.036817] systemd[1]: Starting Set console keymap...
         Starting Set console keymap...
[   12.060698] systemd[1]: Mounting POSIX Message Queue File System...
         Mounting POSIX Message Queue File System...
[   12.078299] systemd[1]: Mounting Debug File System...
         Mounting Debug File System...
[   12.084417] systemd[1]: Mounting Huge Pages File System...
         Mounting Huge Pages File System...
[   12.090165] systemd[1]: Starting Nameserver information manager...
         Starting Nameserver information manager...
[   12.098513] systemd[1]: Starting Create list of required static device nodes for the current kernel...
         Starting Create list of required st... nodes for the current kernel...
[   1.1002] sstem1]: Created slice User and Sesion lice.

[[0;32m  OK  [0m] Created slice User and Session Slice.
[   12.414523] systemd[1]: Reached target Slices.
[[0;32m  OK  [0m] Reached target Slices.
[   12.461899] systemd[1]: Reached target EncryptedVolumes.
[[0;32m  OK  [0m] Reached target Encrypted Volumes.
[   12.514704] systemd[1]: Created slice system-serial\x2dgetty.slice.
[[0;32m  OK  [0m] Created slice system-serial\x2dgetty.slice.
[   12.525088] random: nonblocking pool is initialized
[   12.554013] systemd[1]: Starting Load Kernel Modules...
         Starting Load Kernel Modules...
[   12.564728] systemd[1]: Starting Remount Root and Kernel File Systems...
         Starting Remount Root and Kernel File Systems...
[   12.573584] EXT4-fs (sda1): re-mounted. Opts: (null)
[   12.593801] systemd[1]: Set up automount Arbitrary Executable File Formats File System Automount Point.
[   12.601405] Loading iSCSI transport class v2.0-870.
[[0;32m  OK  [0m] Set up automount Arbitrary Executab...ats File System Automount Point.
[   12.624724] systemd[1]: Started Trigger resolvconf update for networkd DNS.
[[0;32m  OK  [0m] Started Trigger resolvconf update for networkd DNS.
[   12.634276] iscsi: registered transport (tcp)
[   12.651778] systemd[1]: Mounted Huge Pages File System.
[[0;32m  OK  [0m] Mounted Huge Pages File System.
[   12.663198] systemd[1]: Mounted Debug File System.
[[0;32m  OK  [0m] Mounted Debug File System.
[   12.671086] systemd[1]: Mounted POSIX Message Queue File System.
[[0;32m  OK  [0m] Mounted POSIX Message Queue File System.
[   12.694458] iscsi: registered transport (iser)
[   12.696764] systemd[1]: Started Journal Service.
[[0;32m  OK  [0m] Started Journal Service.
[[0;32m  OK  [0m] Started Uncomplicated firewall.
[[0;32m  OK  [0m] Started Set console keymap.
[[0;32m  OK  [0m] Started Create list of required sta...ce nodes for the current kernel.
[[0;32m  OK  [0m] Started Load Kernel Modules.
[[0;32m  OK  [0m] Started Remount Root and Kernel File Systems.
[[0;32m  OK  [0m] Started Nameserver information manager.
[[0;32m  OK  [0m] Started LVM2 metadata daemon.
         Starting Load/Save Random Seed...
         Starting udev Coldplug all Devices...
         Mounting FUSE Control File System...
         Starting Apply Kernel Variables...
         Starting Create Static Device Nodes in /dev...
         Starting Flush Journal to Persistent Storage...
[[0;32m  OK  [0m] Mounted FUSE Control File System.
[[0;32m  OK  [0m] Started Load/Save Random Seed.
[[0;32m  OK  [0m] Started Apply Kernel Variables.
[[0;32m  OK  [0m] Started Create Static Device Nodes in /dev.
[[0;32m  OK  [0m] Started udev Coldplug all Devices.
         Starting udev Kernel Device Manager...
[[0;32m  OK  [0m] Started Flush Journal to Persistent Storage.
[[0;32m  OK  [0m] Started udev Kernel Device Manager.
[[0;32m  OK  [0m] Started Dispatch Password Requests to Console Directory Watch.
[[0;32m  OK  [0m] Found device /dev/ttyS0.
[[0;32m  OK  [0m] Started Monitoring of LVM2 mirrors,...ng dmeventd or progress polling.
[[0;32m  OK  [0m] Listening on Load/Save RF Kill Switch Status /dev/rfkill Watch.
[[0;32m  OK  [0m] Reached target Local File Systems (Pre).
[[0;32m  OK  [0m] Reached target Local File Systems.
         Starting Initial cloud-init job (pre-networking)...
         Starting Create Volatile Files and Directories...
         Starting Set console font and keymap...
         Starting LSB: AppArmor initialization...
         Starting Tell Plymouth To Write Out Runtime Data...
         Starting Commit a transient machine-id on disk...
[[0;32m  OK  [0m] Started Create Volatile Files and Directories.
[[0;32m  OK  [0m] Started Tell Plymouth To Write Out Runtime Data.
[[0;32m  OK  [0m] Started Commit a transient machine-id on disk.
         Starting Update UTMP about System Boot/Shutdown...
[[0;32m  OK  [0m] Started Update UTMP about System Boot/Shutdown.
[   12.657824] cloud-init[514]: Cloud-init v. 18.4-0ubuntu1~16.04.2 running 'init-local' at Sat, 16 Feb 2019 01:33:58 +0000. Up 12.22 seconds.
[[0;32m  OK  [0m] Started Initial cloud-init job (pre-networking).
[[0;32m  OK  [0m] Reached target Network (Pre).
[[0;32m  OK  [0m] Started Set console font and keymap.
[[0;32m  OK  [0m] Created slice system-getty.slice.
[[0;32m  OK  [0m] Started LSB: AppArmor initialization.
         Starting Raise network interfaces...
[[0;32m  OK  [0m] Started Raise network interfaces.
         Starting Initial cloud-init job (metadata service crawler)...
[[0;32m  OK  [0m] Reached target Network.
[   13.974493] cloud-init[931]: Cloud-init v. 18.4-0ubuntu1~16.04.2 running 'init' at Sat, 16 Feb 2019 01:33:59 +0000. Up 13.45 seconds.
[   14.018729] cloud-init[931]: ci-info: ++++++++++++++++++++++++++++++++++++++Net device info++++++++++++++++++++++++++++++++++++++
[   14.025027] cloud-init[931]: ci-info: +--------+------+----------------------------+---------------+--------+-------------------+
[   14.031744] cloud-init[931]: ci-info: | Device |  Up  |          Address           |      Mask     | Scope  |     Hw-Address    |
[   14.053950] cloud-init[931]: ci-info: +--------+------+----------------------------+---------------+--------+-------------------+
[   14.070642] cloud-init[931]: ci-info: | enp0s3 | True |         10.0.2.15          | 255.255.255.0 | global | 02:a9:46:80:4d:77 |
[   14.082225] cloud-init[931]: ci-info: | enp0s3 | True | fe80::a9:46ff:fe80:4d77/64 |       .       |  link  | 02:a9:46:80:4d:77 |
[   14.097946] cloud-init[931]: ci-info: |   lo   | True |         127.0.0.1          |   255.0.0.0   |  host  |         .         |
[   14.117759] cloud-init[931]: ci-info: |   lo   | True |          ::1/128           |       .       |  host  |         .         |
[   14.153037] cloud-init[931]: ci-info: +--------+------+----------------------------+---------------+--------+-------------------+
[[   14.153744] cloud-init[931]: ci-info: +++++++++++++++++++++++++++Route IPv4 info++++++++++++++++++++++++++++
[0;32m  OK  [0m] Started Initial cloud-init job (metadata service crawler).
[   14.154316] cloud-init[931]: ci-info: +-------+-------------+----------+---------------+-----------+-------+
[[   14.154449] cloud-init[931]: ci-info: | Route | Destination | Gateway  |    Genmask    | Interface | Flags |
[0;32m  OK  [0m[   14.307488] cloud-init[931]: ci-info: +-------+-------------+----------+---------------+-----------+-------+
] [   14.308674] cloud-init[931]: ci-info: |   0   |   0.0.0.0   | 10.0.2.2 |    0.0.0.0    |   enp0s3  |   UG  |
Reached target Network is Online.
[   14.308901] cloud-init[931]: ci-info: |   1   |   10.0.2.0  | 0.0.0.0  | 255.255.255.0 |   enp0s3  |   U   |
[   14.421127] cloud-init[931]: ci-info: +-------+-------------+----------+---------------+-----------+-------+
         [   14.422091] cloud-init[931]: ci-info: +++++++++++++++++++Route IPv6 info+++++++++++++++++++
Starting iSCSI initiator daemon (iscsid)...[   14.423000] cloud-init[931]: ci-info: +-------+-------------+---------+-----------+-------+

[[   14.423607] cloud-init[931]: ci-info: | Route | Destination | Gateway | Interface | Flags |
[0;32m  OK  [0m[   14.457336] cloud-init[931]: ci-info: +-------+-------------+---------+-----------+-------+
] [   14.458008] cloud-init[931]: ci-info: |   0   |  fe80::/64  |    ::   |   enp0s3  |   U   |
Reached target Cloud-config availability.
[[0;32m  OK  [0m] Reached target System Initialization.
[   14.458120] cloud-init[931]: ci-info: |   3   |   ff00::/8  |    ::   |   enp0s3  |   U   |
[[   14.551471] cloud-init[931]: ci-info: +-------+-------------+---------+-----------+-------+
[0;32m  OK  [0m[   14.553378] cloud-init[931]: Generating public/private rsa key pair.
] [   14.556795] cloud-init[931]: Your identification has been saved in /etc/ssh/ssh_host_rsa_key.
Listening on D-Bus System Message Bus Socket.[   14.557545] cloud-init[931]: Your public key has been saved in /etc/ssh/ssh_host_rsa_key.pub.

[   14.557679] cloud-init[931]: The key fingerprint is:
[   14.629053] cloud-init[931]: SHA256:0rK0ciVEwWeG722rYF8NKXSOv/APwMvMQXJaOnlGtac root@ubuntu-xenial
         Starting LXD - unix socket.
[[   14.631000] cloud-init[931]: The key's randomart image is:
[0;32m  OK  [0m[   14.654056] cloud-init[931]: +---[RSA 2048]----+
] [   14.656884] cloud-init[931]: |     .oo  .      |
Started Daily apt download activities.[   14.657760] cloud-init[931]: |     .o +. .     |

[   14.657937] cloud-init[931]: |      o=* o .    |
[   14.658056] cloud-init[931]: |     . &.+ +     |
[[   14.702840] cloud-init[931]: |      X.S.E      |
[0;32m  OK  [0m[   14.704915] cloud-init[931]: |     . #.*oo     |
] [   14.707608] cloud-init[931]: |    . * *.+..    |
Started Daily Cleanup of Temporary Directories.
[   14.707702] cloud-init[931]: |     + o +.o     |
[   14.755761] cloud-init[931]: |        o.o..    |
[   14.797292] cloud-init[931]: +----[SHA256]-----+
[[   14.799052] cloud-init[931]: Generating public/private dsa key pair.
[0;32m  OK  [0m] Started ACPI Events Check.
[   14.799802] cloud-init[931]: Your identification has been saved in /etc/ssh/ssh_host_dsa_key.
[[   14.895394] cloud-init[931]: Your public key has been saved in /etc/ssh/ssh_host_dsa_key.pub.
[0;32m  OK  [0m[   14.897728] cloud-init[931]: The key fingerprint is:
] [   14.902502] cloud-init[931]: SHA256:YjeZ4W3kHE8xnu1WkUe+sWh7ocMrthtZf4KCBJ9dyq8 root@ubuntu-xenial
Reached target Paths.[   14.905443] cloud-init[931]: The key's randomart image is:

         [   14.906036] cloud-init[931]: +---[DSA 1024]----+
Starting Socket activation for snappy daemon.[   14.953345] cloud-init[931]: |            o  oo|

[[   14.955608] cloud-init[931]: |           . = oo|
[0;32m  OK  [0m[   15.005828] cloud-init[931]: |      . . o = ..+|
] Listening on UUID daemon activation socket.
[   15.007599] cloud-init[931]: |       + % * ...+|
[   15.054926] cloud-init[931]: |      o S O .+o+ |
[[   15.056189] cloud-init[931]: |     . + + .=o+ .|
[0;32m  OK  [0m[   15.057831] cloud-init[931]: |        . .oo=.o.|
] Listening on ACPID Listen Socket.
[[   15.057955] cloud-init[931]: |           =. +..|
[0;32m  OK  [0m[   15.114820] cloud-init[931]: |          Eo+.   |
] [   15.116759] cloud-init[931]: +----[SHA256]-----+
Started Daily apt upgrade and clean activities.[   15.116893] cloud-init[931]: Generating public/private ecdsa key pair.

[   15.117086] cloud-init[931]: Your identification has been saved in /etc/ssh/ssh_host_ecdsa_key.
[[   15.177815] cloud-init[931]: Your public key has been saved in /etc/ssh/ssh_host_ecdsa_key.pub.
[0;32m  OK  [0m] Reached target Timers.
[   15.181703] cloud-init[931]: The key fingerprint is:
[   15.229029] cloud-init[931]: SHA256:i5iTAE0NhFtT57pTLOM+2ErPhEQgrFvvcywlZP3mpq0 root@ubuntu-xenial
[[   15.247172] cloud-init[931]: The key's randomart image is:
[0;32m  OK  [0m[   15.248857] cloud-init[931]: +---[ECDSA 256]---+
] Listening on LXD - unix socket.
[   15.249634] cloud-init[[0;32m  OK  [0m] Listening on Socket activation for snappy daemon.
[931]: |+o++. .          |
[[   15.295677] cloud-init[931]: |o=o .o           |
[0;32m  OK  [0m[   15.297844] cloud-init[931]: |ooo. ..          |
] [   15.299890] cloud-init[931]: |oo. oo.          |
Started iSCSI initiator daemon (iscsid).[   15.302298] cloud-init[931]: | oo++ o.S        |

[   15.305941] cloud-init[931]: |.. +oO..o.       |
[   15.307145] cloud-init[931]: |  o+X+.o.        |
[   15.356392] cloud-init[931]: | ..=*oo.o        |
[   15.385274] cloud-init[931]: |  ..+=E+.        |
         [   15.386453] cloud-init[931]: +----[SHA256]-----+
Starting Login to default iSCSI targets...[   15.387237] cloud-init[931]: Generating public/private ed25519 key pair.

[   15.387361] cloud-init[931]: Your identification has been saved in /etc/ssh/ssh_host_ed25519_key.
[   15.387569] cloud-init[931]: Your public key has been saved in /etc/ssh/ssh_host_ed25519_key.pub.
[[   15.387619] cloud-init[931]: The key fingerprint is:
[0;32m  OK  [0m[   15.498006] cloud-init[931]: SHA256:vV9OIQzDfWdtq82ZYM9bygd9iArFVl/NGPisS7XkEhU root@ubuntu-xenial
] Reached target Sockets.
[[   15.498650] cloud-init[931]: The key's randomart image is:
[0;32m  OK  [0m[   15.507139] cloud-init[931]: +--[ED25519 256]--+
] [   15.507699] cloud-init[931]: |             .E=.|
Reached target Basic System.[   15.507835] cloud-init[931]: |         . .o o =|

[   15.507973] cloud-init[931]: |         .+..=..=|
[   15.556851] cloud-init[931]: |         .++..*+.|
[   15.579685] cloud-init[931]: |        So. oX.= |
         [   15.580491] cloud-init[931]: |        .  .*.%.=|
Starting Virtualbox guest utils...[   15.581060] cloud-init[931]: |         ..o +oOo|

[   15.581182] cloud-init[931]: |          ...= .+|
[   15.581620] cloud-init[931]: |            . +o |
[   15.606295] cloud-init[931]: +----[SHA256]-----+
         Starting Login Service...
[[0;32m  OK  [0m] Started FUSE filesystem for LXC.
[[0;32m  OK  [0m] Started Deferred execution scheduler.
[[0;32m  OK  [0m] Started Unattended Upgrades Shutdown.
[[0;32m  OK  [0m] Started ACPI event daemon.
         Starting LSB: MD monitoring daemon...
         Starting LSB: Record successful boot for GRUB...
         Starting Pollinate to seed the pseudo random number generator...
         Starting System Logging Service...
         Starting Accounts Service...
[[0;32m  OK  [0m] Started D-Bus System Message Bus.
         Starting /etc/rc.local Compatibility...
[[0;32m  OK  [0m] Started Regular background program processing daemon.
         Starting Snappy daemon...
         Starting LXD - container startup/shutdown...
[[0;32m  OK  [0m] Started System Logging Service.
[[0;32m  OK  [0m] Started /etc/rc.local Compatibility.
[[0;32m  OK  [0m] Started Login to default iSCSI targets.
[[0;32m  OK  [0m] Started LSB: MD monitoring daemon.
[[0;32m  OK  [0m] Started LSB: Record successful boot for GRUB.
[[0;32m  OK  [0m] Started LXD - container startup/shutdown.
[[0;32m  OK  [0m] Started Virtualbox guest utils.
[[0;32m  OK  [0m] Started Login Service.
         Starting Authenticate and Authorize Users to Run Privileged Tasks...
[[0;32m  OK  [0m] Reached target Remote File Systems (Pre).
[[0;32m  OK  [0m] Reached target Remote File Systems.
         Starting LSB: automatic crash report generation...
         Starting LSB: daemon to balance interrupts for SMP systems...
         Starting LSB: Set the CPU Frequency Scaling governor to "ondemand"...
         Starting Permit User Sessions...
[[0;32m  OK  [0m] Started Snappy daemon.
[[0;32m  OK  [0m] Started Permit User Sessions.
[[0;32m  OK  [0m] Started Authenticate and Authorize Users to Run Privileged Tasks.
[[0;32m  OK  [0m] Started Accounts Service.
         Starting Hold until boot process finishes up...
         Starting Terminate Plymouth Boot Screen...
         Starting Wait until snapd is fully seeded...
[[0;32m  OK  [0m] Started Pollinate to seed the pseudo random number generator.
[[0;32m  OK  [0m] Started LSB: automatic crash report generation.
[[0;32m  OK  [0m] Started LSB: daemon to balance interrupts for SMP systems.
[[0;32m  OK  [0m] Started LSB: Set the CPU Frequency Scaling governor to "ondemand".
[[0;32m  OK  [0m] Started Hold until boot process finishes up.
[[0;32m  OK  [0m] Started Terminate Plymouth Boot Screen.
[[0;32m  OK  [0m] Started Serial Getty on ttyS0.
         Starting Set console scheme...
[[0;32m  OK  [0m] Started Getty on tty1.
[[0;32m  OK  [0m] Reached target Login Prompts.
         Starting OpenBSD Secure Shell server...
[[0;32m  OK  [0m] Started Set console scheme.
[[0;32m  OK  [0m] Started OpenBSD Secure Shell server.
[[0;32m  OK  [0m] Created slice User Slice of vagrant.
         Starting User Manager for UID 1000...
[[0;32m  OK  [0m] Started Session 1 of user vagrant.
[[0;32m  OK  [0m] Started User Manager for UID 1000.
         Stopping User Manager for UID 1000...
[[0;32m  OK  [0m] Stopped User Manager for UID 1000.
[[0;32m  OK  [0m] Removed slice User Slice of vagrant.
[[0;32m  OK  [0m] Created slice User Slice of vagrant.
         Starting User Manager for UID 1000...
[[0;32m  OK  [0m] Started Session 2 of user vagrant.
[[0;32m  OK  [0m] Started User Manager for UID 1000.
[[0;32m  OK  [0m] Started Wait until snapd is fully seeded.
         Starting Apply the settings specified in cloud-config...
[[0;32m  OK  [0m] Reached target Multi-User System.
[[0;32m  OK  [0m] Reached target Graphical Interface.
         Starting Update UTMP about System Runlevel Changes...
[[0;32m  OK  [0m] Started Update UTMP about System Runlevel Changes.
         Stopping User Manager for UID 1000...
[[0;32m  OK  [0m] Stopped User Manager for UID 1000.
[[0;32m  OK  [0m] Removed slice User Slice of vagrant.
[   20.555512] cloud-init[1528]: Generating locales (this might take a while)...
[   21.331901] cloud-init[1528]:   en_US.UTF-8... done
[   21.360074] cloud-init[1528]: Generation complete.
[   21.685429] cloud-init[1528]: Cloud-init v. 18.4-0ubuntu1~16.04.2 running 'modules:config' at Sat, 16 Feb 2019 01:34:06 +0000. Up 20.45 seconds.
ci-info: no authorized ssh keys fingerprints found for user ubuntu.
<14>Feb 16 01:34:08 ec2: 
<14>Feb 16 01:34:08 ec2: #############################################################
<14>Feb 16 01:34:08 ec2: -----BEGIN SSH HOST KEY FINGERPRINTS-----
<14>Feb 16 01:34:08 ec2: 1024 SHA256:YjeZ4W3kHE8xnu1WkUe+sWh7ocMrthtZf4KCBJ9dyq8 root@ubuntu-xenial (DSA)
<14>Feb 16 01:34:08 ec2: 256 SHA256:i5iTAE0NhFtT57pTLOM+2ErPhEQgrFvvcywlZP3mpq0 root@ubuntu-xenial (ECDSA)
<14>Feb 16 01:34:08 ec2: 256 SHA256:vV9OIQzDfWdtq82ZYM9bygd9iArFVl/NGPisS7XkEhU root@ubuntu-xenial (ED25519)
<14>Feb 16 01:34:08 ec2: 2048 SHA256:0rK0ciVEwWeG722rYF8NKXSOv/APwMvMQXJaOnlGtac root@ubuntu-xenial (RSA)
<14>Feb 16 01:34:08 ec2: -----END SSH HOST KEY FINGERPRINTS-----
<14>Feb 16 01:34:08 ec2: #############################################################
-----BEGIN SSH HOST KEY KEYS-----
ecdsa-sha2-nistp256 AAAAE2VjZHNhLXNoYTItbmlzdHAyNTYAAAAIbmlzdHAyNTYAAABBBOoFA34uW+aGqtoELeXrRWYTRhJZkdSyFDJ2nRdLhy7aFV/naAxhdlo5h95lJQl1TJIL2iClPO1tIfIEzMYIQoE= root@ubuntu-xenial
ssh-ed25519 AAAAC3NzaC1lZDI1NTE5AAAAIFlOGy2T6qOp56C9DUE4gtR6YMMqNi6m169k57PZ9ukI root@ubuntu-xenial
ssh-rsa AAAAB3NzaC1yc2EAAAADAQABAAABAQDAkHFS8nlx93NYCEqcqOCOJHckVOs3dob0B/ltbTjmAQkVZCAY4pHH2Nel4b9aVjxpClsRF25Etgeuo40fBUl/wjG+8xdogibLi9GhYUcZajkrc9njL0yl0MD8tq9qa4sASbDy7SApkuxXFOenu69++AQVOveUSnzBGry/uvNuODZatD0xHbrprYNS+j9hkUJ3RwL8k+WF8FNchtZNV/ovm1XhuBEtDZnqBNWaqVSpuwIiQ7n0ui51shpQGPRXMkt0jO/aSPnek5jx6n8MkRU209YWhmmmj+WjVZ7s5d9JgaTlJvZwdA8650cjQdCX09xTG2wcETI6vjy7UW9sQxBP root@ubuntu-xenial
-----END SSH HOST KEY KEYS-----
[   22.083540] cloud-init[1616]: Cloud-init v. 18.4-0ubuntu1~16.04.2 running 'modules:final' at Sat, 16 Feb 2019 01:34:08 +0000. Up 21.96 seconds.
[   22.083740] cloud-init[1616]: ci-info: no authorized ssh keys fingerprints found for user ubuntu.
[   22.083846] cloud-init[1616]: Cloud-init v. 18.4-0ubuntu1~16.04.2 finished at Sat, 16 Feb 2019 01:34:08 +0000. Datasource DataSourceNoCloud [seed=/dev/sdb][dsmode=net].  Up 22.07 seconds

Ubuntu 16.04.5 LTS ubuntu-xenial ttyS0

ubuntu-xenial login: 