[    0.000000] Initializing cgroup subsys cpuset
[    0.000000] Initializi cgroup ubs cpu
[    0.0000] itializing cgroup subsys cpuacct
[    0.000000] Linux version 4.4.0-142-generic (buildd@lgw01-amd64-033) (gcc version 5.4.0 20160609 (Ubuntu 5.4.0-6ubuntu1~16.04.10) ) #168-Ubuntu SMP Wed Jan 16 21:00:45 UTC 2019 (Ubuntu 4.4.0-142.168-generic 4.4.167)
[    0.000000] Command line: BOOT_IMAGE=/boot/vmlinuz-4.4.0-142-generic root=LABEL=cloudimg-rootfs ro console=tty1 console=ttyS0
[    0.000000] KERNEL supported cpus:
[    0.000000]   Intel GenuineIntel
[    0.000000]   AMD AuthenticAMD
[    0.000000]   Centaur CentaurHauls
[    0.000000] x86/fpu: xstate_offset[2]:  576, xstate_sizes[2]:  256
[    0.000000] x86/fpu: Supporting SAVE feature 0x01: 'x87 floating point registers'
[    0.000000] x86/fpu: Supporting XSAVE feature 0x02: 'SSE regisers'
[    0.000000] x86/fpu: Supporting XSAVE feature 0x04: 'AVX registers'
[    000000]86/fpu: Enabled xstate features 0x7, context sie is 832 bytes, using 'standard' format.
[    0.000000] e820: BIOS-provided physical RAM map:
[    0.000000] IO-e820: [mem 0x0000000000000000-00000000009bff] usable
[   0.0000] BIOS-e820: [mem 0x000000000009fc00-0x000000000009ffff] reserved
[    0.000000] BIOS-e820: [mem 0x00000000000f0000-0x00000000000fffff] reserved
[    0.000000] BIOS-e820: [mem 0x0000000000100000-0x000000007ffeffff] usable
[    0.000000] BIOS-e80:[mm 0x000000007fff0000-0x000000007fffffff] ACPI data
[    0.000000] BIOS-e820: [mem 0x00000000fec00000-0x00000000fec00fff] reserved
[    0.000000] BIOS-e820: [mem 0x00000000fee00000-0x00000000fee00fff] reserved
[    0.000000] BIOS-e820: [mem 0x00000000fffc0000-0x00000000ffffffff] reserved
[    0.000000] NX (Execute Disable) protection active
[    0.000000] SMBIOS 2.5 present.
[    0.000000] Hypervisor detected: KVM
[    0.000000] e820: last_pfn = 0x7fff0 max_arch_pfn = 0x400000000
[    0.000000] MTRR: Disabled
[    0.000000] x86/PAT: MTRRs disabled, skipping PAT initialization too.
[    0.000000] CPU MTRRs all blank - virtualized system.
[    0.000000] x86/PAT: Configuration [0-7]: WB  WT  UC- UC  WB  WT  UC- UC  
[    0.000000] found SMP MP-table at [mem 0x0009fff0-0x0009ffff] mapped at [ffff88000009fff0]
[    0.000000] Scanning 1 areas for low memory corruption
[    0.000000] RAMDISK: [mem 0x3630a000-0x3717cfff]
[    0.000000] ACPI: Early table checksum verification disabled
[    0.000000] ACPI: RSDP 0x00000000000E0000 000024 (v02 VBOX  )
[    0.000000] ACPI: XSDT 0x000000007FFF0030 00003C (v01 VBOX   VBOXXSDT 00000001 ASL  00000061)
[    0.000000] ACPI: FACP 0x000000007FFF00F0 0000F4 (v04 VBOX   VBOXFACP 00000001 ASL  00000061)
[    0.000000] ACPI: DSDT 0x000000007FFF0470 0021FF (v02 VBOX   VBOXBIOS 00000002 INTL 20100528)
[    0.000000] ACPI: FACS 0x000000007FFF0200 000040
[    0.000000] ACPI: FACS 0x000000007FFF0200 000040
[    0.000000] ACPI: APIC 0x000000007FFF0240 00005C (v02 VBOX   VBOXAPIC 00000001 ASL  00000061)
[    0.000000] ACPI: SSDT 0x000000007FFF02A0 0001CC (v01 VBOX   VBOXCPUT 00000002 INTL 20100528)
[    0.000000] No NUMA configuration found
[    0.000000] Faking a node at [mem 0x0000000000000000-0x000000007ffeffff]
[    0.000000] NODE_DATA(0) allocated [mem 0x7ffeb000-0x7ffeffff]
[    0.000000] kvm-clock: Using msrs 4b564d01 and 4b564d00
[    0.000000] kvm-clock: cpu 0, msr 0:7ffe3001, primary cpu clock
[    0.000000] kvm-clock: using sched offset of 4358912954 cycles
[    0.000000] clocksource: kvm-clock: mask: 0xffffffffffffffff max_cycles: 0x1cd42e4dffb, max_idle_ns: 881590591483 ns
[    0.000000] Zone ranges:
[    0.000000]   DMA     [mem 0x0000000000001000-0x0000000000ffffff]
[    0.000000]   DMA32    [mem 0x0000000001000000-0x000000007ffeffff]
[    0.000000]   Normal   empty
[    0.000000]   Device   empty
[    0.000000] Movable zone start for each node
[    0.000000] Early memory node ranges
[    0.000000]   node   0: [mem 0x0000000000001000-0x000000000009efff]
[    0.000000]   node   0: [mem 0x0000000000100000-0x000000007ffeffff]
[    0.000000] Initmem setup nde 0 [me0x00000000001000-0x000000ffffff]
[    0.000000] ACI: PM-Tim IO ort: 0x408
[   0.00000] IOAPIC[0]: apic_id 2, vesion32 address 0xfec00000, GSI 0-23
[    0.000000] ACPI: INT_SRC_OVR (bus 0 bus_irq 0 global_irq 2 dfl dfl)
[    0.000000]ACPI IT_RC_OVR (bus  bs_rq 9 global_irq 9 low level)
[    0.000000] Using ACPI (MADT) for SMP configuration information
[    0.000000] smpboot: Allowing 2 CPUs, 0 hotplug CPUs
[    0.000000 PM: Regiserd nosave memory: [mem 0x000000-0x00000ff][    0.000] M: Registered nosave memory: [mem 0x0009f000-0x0009ffff]
[    0.000000] PM: Registered nosave memory: [mem 0x000a0000-0x000effff]
[    0.000000] PM: Registered nosave memory: [mem 0x000f0000-0x000fffff]
[    0.000000] e820: [mem 0x80000000-0xfebfffff] available for PCI devices
[    0.000000] Booting paravirtualized kernel on KVM
[    0.000000] clocksource: refined-jiffies: mask: 0xffffffff max_cycles: 0xffffffff, max_idle_ns: 7645519600211568 ns
[    0.000000] setup_percpu: NR_CPUS:512 nr_cpumask_bits:512 nr_cpu_ids:2 nr_node_ids:1
[    0.000000] PERCPU: Embedded 34 pages/cpu @ffff88007fc00000 s99480 r8192 d31592 u1048576
[    0.000000] Built 1 zonelists n Node order, mobility grouping on.  Total pages: 515960
[    0.000000] Policy zone: DMA32
[    0.000000]Kernel command line: BOOT_IMAGE=/boot/vmlinuz-4.4.0-142-generic root=LABEL=cloudi-rootfso conslett1 onsole=ttyS0
[    0.000000] PID hash table entries: 4096 (order: 3, 32768 bytes)
[    0.000000] Memory: 2029928K/2096696K available (8603K kernel code, 1332K rwdata 4004K rodaa,144K ini, 136K bss, 66768K reserved, 0K cma-reserved)
[    0.000000] SLUB: HWalign=64, Order=0-3, MinObjects=0, CPUs=2, Nodes=1
[    0.000000] Kernel/User page tables isolation: enabled
[    0.000000] Hierarchical RC implenttion.
    0.000000] 	Build-time adjustment of leaf fanout to 64.
[    0.000000] 	RCU restricting CPUs from NR_CPUS=512 to nr_cpu_ids=2.
[   0.0000] RCU Adjusting geometry for rcu_fanout_leaf=64, nr_cpu_ids=2
[    0.000000] NR_IRQS:33024 nr_irqs:440 16
[    0.00000] Cnsle colour VGA+ 8025
[   0.00000] console [tty1] enabled
[   .000000] conole [ttyS0] enabled
[   0.0000] ts: Detected 1607.999 MHz processor
[    2.005328] Calibrating delay loop (skipped) preset value.. 3215.99 BogoMIPS (lpj=6431996)
[    2.025202] pid_max: default: 32768 minimum: 301
[    2.026740] ACPI: Core revision 20150930
[    2.035003] ACPI: 2 ACPI AML tables successfully acquired and loaded
[    2.045467] Security Framework initialized
[    2.072594] Yama: becoming mindful.
[    2.082888] AppArmor: AppArmor initialized
[    2.100781] Dentry cache hash table entries: 262144 (order: 9, 2097152 bytes)
[    2.124988] Inode-cache hash table entries: 131072 (order: 8, 1048576 bytes)
[    2.135486] Mount-cache hash table entries: 4096 (order: 3, 32768 bytes)
[    2.154876] Mountpoint-cache hash table entries: 4096 (order: 3, 32768 bytes)
[    2.163692] Initializing cgroup subsys io
[    2.187347] Initializing cgroup subsys memory
[    2.194875] Initializing cgroup subsys devices
[    2.214452] Initializing cgroup subsys freezer
[    2.227453] Initializing cgroup subsys net_cls
[    2.240552] Initializing cgroup subsys perf_event
[    2.289536] Initializing cgroup subsys net_prio
[    2.310360] Initializing cgroup subsys hugetlb
[    2.312165] Initializing cgroup subsys pids
[    2.335767] mce: CPU supports 0 MCE banks
[    2.359522] Last level iTLB entries: 4KB 64, 2MB 8, 4MB 8
[    2.366077] Last level dTLB entries: 4KB 64, 2MB 0, 4MB 0, 1GB 4
[    2.390623] Spectre V2 : Mitigation: Full generic retpoline
[    2.392770] Spectre V2 : Spectre v2 / SpectreRSB mitigation: Filling RSB on context switch
[    2.435019] Speculative Store Bypass: Vulnerable
[    2.456221] Freeing SMP alternatives memory: 32K
[    2.464214] ftrace: allocating 32277 entries in 127 pages
[    2.556015] smpboot: APIC(0) Converting physical 0 to logical package 0
[    2.564478] smpboot: Max logical packages: 1
[    2.611911] x2apic enabled
[    2.619170] Switched APIC routing to physical x2apic.
[    2.644191] ..TIMER: vector=0x30 apic1=0 pin1=2 apic2=-1 pin2=-1
[    2.764878] smpboot: CPU0: Intel(R) Core(TM) i5-8210Y CPU @ 1.60GHz (family: 0x6, model: 0x8e, stepping: 0x9)
[    2.811842] Performance Events: unsupported p6 CPU model 142 no PMU driver, software events only.
[    2.835053] KVM setup paravirtual spinlock
[    2.850945] x86: Booting SMP configuration:
[    2.875860] .... node  #0, CPUs:      #1
[    2.902940] kvm-clock: cpu 1, msr 0:7ffe3041, secondary cpu clock
[    2.908390] mce: CPU supports 0 MCE banks
[    2.911663] x86: Booted up 1 node, 2 CPUs
[    2.953312] smpboot: Total of 2 processors activated (6431.99 BogoMIPS)
[    2.959153] devtmpfs: initialized
[    2.963662] evm: security.selinux
[    2.996426] evm: security.SMACK64
[    3.011314] evm: security.SMACK64EXEC
[    3.012817] evm: security.SMACK64TRANSMUTE
[    3.048732] evm: security.SMACK64MMAP
[    3.050238] evm: security.ima
[    3.052659] evm: security.capability
[    3.054495] clocksource: jiffies: mask: 0xffffffff max_cycles: 0xffffffff, max_idle_ns: 7645041785100000 ns
[    3.085975] futex hash table entries: 512 (order: 3, 32768 bytes)
[    3.094030] pinctrl core: initialized pinctrl subsystem
[    3.101640] RTC time: 21:55:04, date: 02/17/19
[    3.122090] NET: Registered protocol family 16
[    3.149729] cpuidle: using governor ladder
[    3.185501] cpuidle: using governor menu
[    3.199613] PCCT header not found.
[    3.218323] ACPI: bus type PCI registered
[    3.249603] acpiphp: ACPI Hot Plug PCI Controller Driver version: 0.5
[    3.274500] PCI: Using configuration type 1 for base access
[    3.305405] ACPI: Added _OSI(Module Device)
[    3.320699] ACPI: Added _OSI(Processor Device)
[    3.334118] ACPI: Added _OSI(3.0 _SCP Extensions)
[    3.335598] ACPI: Added _OSI(Processor Aggregator Device)
[    3.343898] ACPI: Executed 1 blocks of module-level executable AML code
[    3.348958] ACPI: Interpreter enabled
[    3.350604] ACPI: (supports S0 S5)
[    3.352228] ACPI: Using IOAPIC for interrupt routing
[    3.360712] PCI: Using host bridge windows from ACPI; if necessary, use "pci=nocrs" and report a bug
[    3.379966] ACPI: PCI Root Bridge [PCI0] (domain 0000 [bus 00-ff])
[    3.383261] acpi PNP0A03:00: _OSC: OS supports [ASPM ClockPM Segments MSI]
[    3.385945] acpi PNP0A03:00: _OSC: not requesting OS control; OS requires [ExtendedConfig ASPM ClockPM MSI]
[    3.396851] acpi PNP0A03:00: fail to add MMCONFIG information, can't access extended PCI configuration space under this bridge.
[    3.413102] PCI host bridge to bus 0000:00
[    3.420138] pci_bus 0000:00: root bus resource [io  0x0000-0x0cf7 window]
[    3.437628] pci_bus 0000:00: root bus resource [io  0x0d00-0xffff window]
[    3.462230] pci_bus 0000:00: root bus resource [mem 0x000a0000-0x000bffff window]
[    3.495094] pci_bus 0000:00: root bus resource [mem 0x80000000-0xfdffffff window]
[    3.506209] pci_bus 0000:00: root bus resource [bus 00-ff]
[    3.529563] pci 0000:00:01.1: legacy IDE quirk: reg 0x10: [io  0x01f0-0x01f7]
[    3.548854] pci 0000:00:01.1: legacy IDE quirk: reg 0x14: [io  0x03f6]
[    3.573458] pci 0000:00:01.1: legacy IDE quirk: reg 0x18: [io  0x0170-0x0177]
[    3.576148] pci 0000:00:01.1: legacy IDE quirk: reg 0x1c: [io  0x0376]
[    3.612597] pci 0000:00:07.0: quirk: [io  0x4000-0x403f] claimed by PIIX4 ACPI
[    3.624423] pci 0000:00:07.0: quirk: [io  0x4100-0x410f] claimed by PIIX4 SMB
[    3.670150] ACPI: PCI Interrupt Link [LNKA] (IRQs 5 9 10 *11)
[    3.678732] ACPI: PCI Interrupt Link [LNKB] (IRQs 5 9 *10 11)
[    3.729005] ACPI: PCI Interrupt Link [LNKC] (IRQs 5 *9 10 11)
[    3.784134] ACPI: PCI Interrupt Link [LNKD] (IRQs 5 9 10 *11)
[    3.803359] ACPI: Enabled 2 GPEs in block 00 to 07
[    3.809909] vgaarb: setting as boot device: PCI:0000:00:02.0
[    3.824978] vgaarb: device added: PCI:0000:00:02.0,decodes=io+mem,owns=io+mem,locks=none
[    3.850460] vgaarb: loaded
[    3.864260] vgaarb: bridge control possible 0000:00:02.0
[    3.894314] SCSI subsystem initialized
[    3.920327] ACPI: bus type USB registered
[    3.940032] usbcore: registered new interface driver usbfs
[    3.962695] usbcore: registered new interface driver hub
[    3.975891] usbcore: registered new device driver usb
[    4.003861] PCI: Using ACPI for IRQ routing
[    4.011600] NetLabel: Initializing
[    4.013069] NetLabel:  domain hash size = 128
[    4.015961] NetLabel:  protocols = UNLABELED CIPSOv4
[    4.035838] NetLabel:  unlabeled traffic allowed by default
[    4.043837] amd_nb: Cannot enumerate AMD northbridges
[    4.063496] clocksource: Switched to clocksource kvm-clock
[    4.0806] pprmr:Aprmr ilesysemEnabled
[    4.361361] pnp: PnP ACPIint[   .43879]pnp: PnP ACPI: found 3deices
[   4.602429] clocksorc: acpim: mask: 0xffffff max_cycles: 0xffffff, max_idle_ns: 2085701024 ns
[    4.731669] NET: Registered protocol family 2

[    4.733381] TP established hash table entries: 16384 (order: 5, 131072 bytes)

[    4.782175] TCP bind hash table entries: 16384 (order: 6, 262144 bytes)
[    4.786561] TCP: Hash tables configured(establihed 6384 bind1638)
[   4.9154] UDP hash table entri: 02 (ode: , 2768byes)[   .2815] UD-Lte hsh tble entie: 02 (rder: 3, 32768 bytes)[   5.573816] NE: Regitere potoco famly1[    5.813872] pci 0000:00:00.0: Limiting direct PCI/PCI transfers
[    5.839199] pci 0000:00:01.0: Activating ISA DMA hang workarounds
[    5.841862] Unpacking initramfs...

[    6.126498] Freeing initrd memory: 14796K
[    6.147869] platform rtc_cmos: registered platform RTC device (no PNP device found)
[    6.177294] Scanning for low memory corruption every 60 seconds
[    6.217073] audit: initializing netlink subsys (disabled)
[    6.232485] audit: type=2000 audit(1550440510.385:1): initialized
[    6.235064] Initialise system trusted keyring
[    6.282151] HugeTLB registered 2 MB page size, pre-allocated 0 pages
[    6.287210] zbud: loaded
[    6.295419] VFS: Disk quotas dquot_6.6.0
[    6.320566] VFS: Dquot-cache hash table entries: 512 (order 0, 4096 bytes)
[    6.350343] squashfs: version 4.0 (2009/01/31) Phillip Lougher
[    6.375102 fsein (PIvesion .23)
[    6.632441] Key type big_key registered
[    6.666167] Allocating IMA MOK and blacklist keyrings.
[    6.689879] Key type asymmetric registered
[    6.711308] Asymmetric key parser 'x509' registered
[    6.731893] Block layer SCSI generic (bsg) driver version 0.4 loaded (major 249)
[    6.840471] io scheduler noop registered
[    6.893619] io scheduler deadline registered (default)
[    6.899631] io scheduler cfq registered
[    6.901254] pci_hotplug: PCI Hot Plug PCI Core version: 0.5
[    6.956852] pciehp: PCI Express Hot Plug Controller Driver version: 0.4
[    6.961256] ACPI: AC Adapter [AC] (off-line)
[    6.962762] input: Power Button as /devices/LNXSYSTM:00/LNXPWRBN:00/input/input0
[    6.965318] ACPI: Power Button [PWRF]
[    6.966670] input: Sleep Button as /devices/LNXSYSTM:00/LNXSLPBN:00/input/input1
[    6.969097] ACPI: Sleep Button [SLPF]
[    6.970669] GHES: HEST is not enabled!
[    6.972089] Serial: 8250/16550 driver, 32 ports, IRQ sharing enabled
[    6.973723] ACPI: Battery Slot [BAT0] (battery present)
[    7.002897] 00:02: ttyS0 at I/O 0x3f8 (irq = 4, base_baud = 115200) is a 16550A
[    7.013733] Linux agpgart interface v0.103
[    7.026184] loop: module loaded
[    7.030851] scsi host0: ata_piix
[    7.035128] scsi host1: ata_piix
[    7.037492] ata1: PATA max UDMA/33 cmd 0x1f0 ctl 0x3f6 bmdma 0xd000 irq 14
[    7.050626] ata2: PATA max UDMA/33 cmd 0x170 ctl 0x376 bmdma 0xd008 irq 15
[    7.056469] libphy: Fixed MDIO Bus: probed
[    7.066639] tun: Universal TUN/TAP device driver, 1.6
[    7.077820] tun: (C) 1999-2004 Max Krasnyansky <maxk@qualcomm.com>
[    7.091178] PPP generic driver version 2.4.2
[    7.097008] ehci_hcd: USB 2.0 'Enhanced' Host Controller (EHCI) Driver
[    7.114356] ehci-pci: EHCI PCI platform driver
[    7.117481] ehci-platform: EHCI generic platform driver
[    7.119517] ohci_hcd: USB 1.1 'Open' Host Controller (OHCI) Driver
[    7.122879] ohci-pci: OHCI PCI platform driver
[    7.132779] ohci-platform: OHCI generic platform driver
[    7.134823] uhci_hcd: USB Universal Host Controller Interface driver
[    7.172649] i8042: PNP: PS/2 Controller [PNP0303:PS2K,PNP0f03:PS2M] at 0x60,0x64 irq 1,12
[    7.176970] tsc: Refined TSC clocksource calibration: 1608.904 MHz
[    7.176972] clocksource: tsc: mask: 0xffffffffffffffff max_cycles: 0x1731002c97f, max_idle_ns: 440795227799 ns
[    7.224398] serio: i8042 KBD port at 0x60,0x64 irq 1
[    7.226443] serio: i8042 AUX port at 0x60,0x64 irq 12
[    7.231840] mousedev: PS/2 mouse device common for all mice
[    7.250277] rtc_cmos rtc_cmos: rtc core: registered rtc_cmos as rtc0
[    7.298332] rtc_cmos rtc_cmos: alarms up to one day, 114 bytes nvram
[    7.346240] i2c /dev entries driver
[    7.347952] device-mapper: uevent: version 1.0.3
[    7.358764] input: AT Translated Set 2 keyboard as /devices/platform/i8042/serio0/input/input2
[    7.362590] device-mapper: ioctl: 4.34.0-ioctl (2015-10-28) initialised: dm-devel@redhat.com
[    7.431382] ledtrig-cpu: registered to indicate activity on CPUs
[    7.435780] NET: Registered protocol family 10
[    7.484517] NET: Registered protocol family 17
[    7.491942] Key type dns_resolver registered
[    7.550593] registered taskstats version 1
[    7576664] Loadincompiled-in X.509 certificates
[    798836] Loaded X.509 cert 'Build time autogenerated kernel key: bff73e56bc0efa7435b2a24f5427674623f1be80'
[    7.75550] swp:lode uin pollzo/zbd
[    8.007358] Key type trusted registered
[    8.024472] Key type encrypted registered
[    8.044661] AppArmor: AppArmor sha1 policy hashing enabled
[    8.048698] ima: No TPM chip found, activating TPM-bypass!
[    8.050472] ima: Allocated hash algorithm: sha1
[    8.052216] evm: HMAC attrs: 0x1
[    8.053840]   Magic number: 7:372:955
[    8.065374] memory memory8: hash matches
[    8.076934] rtc_cmos rtc_cmos: setting system clock to 2019-02-17 21:55:09 UTC (1550440509)
[    8.090276] BIOS EDD facility v0.16 2004-Jun-25, 0 devices found
[    8.092704] EDD information not available.
[    8.097922] Freeing unused kernel memory: 1484K
[    8.196764] Write protecting the kernel read-only data: 14336k
[    8.306515] Freeing unused kernel memory: 1624K
[    8.340687] Freeing unused kernel memory: 92K
Loading, please wait...
starting version[    8.376943] random: systemd-udevd: uninitialized urandom read (16 bytes read, 7 bits of entropy available)
 229
[    8.377092] random: udevadm: uninitialized urandom read (16 bytes read, 7 bits of entropy available)
[    8.377109] random: udevadm: uninitialized urandom read (16 bytes read, 7 bits of entropy available)
[    8.384641] random: udevadm: uninitialized urandom read (16 bytes read, 7 bits of entropy available)
[    8.384681] random: udevadm: uninitialized urandom read (16 bytes read, 7 bits of entropy available)
[    8.384898] random: udevadm: uninitialized urandom read (16 bytes read, 7 bits of entropy available)
[    8.384946] random: udevadm: uninitialized urandom read (16 bytes read, 7 bits of entropy available)
[    8.384987] random: udevadm: uninitialized urandom read (16 bytes read, 7 bits of entropy available)
[    8.385029] random: udevadm: uninitialized urandom read (16 bytes read, 7 bits of entropy available)
[    8.385071] random: udevadm: uninitialized urandom read (16 bytes read, 7 bits of entropy available)
[    8.535957] e1000: Intel(R) PRO/1000 Network Driver - version 7.3.21-k8-NAPI
[    8.542695] e1000: Copyright (c) 1999-2006 Intel Corporation.
[    8.545045] Fusion MPT base driver 3.04.20
[    8.546725] Copyright (c) 1999-2008 LSI Corporation
[    8.566241] AVX2 version of gcm_enc/dec engaged.
[    8.579934] AES CTR mode by8 optimization enabled
[    8.587306] Fusion MPT SPI Host driver 3.04.20
[    8.804054] input: ImExPS/2 Generic Explorer Mouse as /devices/platform/i8042/serio1/input/input4
[    8.977812] e1000 0000:00:03.0 eth0: (PCI:33MHz:32-bit) 02:a9:46:80:4d:77
[    9.289205] e1000 0000:00:03.0 eth0: Intel(R) PRO/1000 Network Connection
[    9.294011] mptbase: ioc0: Initiating bringup
[    9.294505] e1000 0000:00:03.0 enp0s3: renamed from eth0
[    9.367939] ioc0: LSI53C1030 A0: Capabilities={Initiator}
[    9.559155] scsi host2: ioc0: LSI53C1030 A0, FwRev=00000000h, Ports=1, MaxQ=256, IRQ=20
[    9.749528] scsi 2:0:0:0: Direct-Access     VBOX     HARDDISK         1.0  PQ: 0 ANSI: 5
[   10.640856] scsi target2:0:0: Beginning Domain Validation
[   10.673367] scsi target2:0:0: Domain Validation skipping write tests
[   10.686811] scsi target2:0:0: Ending Domain Validation
[   10.689668] scsi target2:0:0: asynchronous
[   11.170580] scsi 2:0:1:0: Direct-Access     VBOX     HARDDISK         1.0  PQ: 0 ANSI: 5
[   11.639193] scsi target2:0:1: Beginning Domain Validation
[   11.651409] scsi target2:0:1: Domain Validation skipping write tests
[   11.665728] scsi target2:0:1: Ending Domain Validation
[   11.668186] scsi target2:0:1: asynchronous
[   11.687457] sd 2:0:0:0: [sda] 20971520 512-byte logical blocks: (10.7 GB/10.0 GiB)
[   11.690075] sd 2:0:0:0: Attached scsi generic sg0 type 0
[   11.705632] sd 2:0:0:0: [sda] Write Protect is off
[   11.712069] sd 2:0:1:0: Attached scsi generic sg1 type 0
[   11.726962] sd 2:0:1:0: [sdb] 20480 512-byte logical blocks: (10.5 MB/10.0 MiB)
[   11.727343] sd 2:0:0:0: [sda] Incomplete mode parameter data
[   11.727345] sd 2:0:0:0: [sda] Assuming drive cache: write through
[   11.826412]  sda: sda1
[   11.827342] sd 2:0:0:0: [sda] Attached SCSI disk
[   11.980608] sd 2:0:1:0: [sdb] Write Protect is off
[   12.046626] sd 2:0:1:0: [sdb] Incomplete mode parameter data
[   12.116568] sd 2:0:1:0: [sdb] Assuming drive cache: write through
[   12.182272] sd 2:0:1:0: [sdb] Attached SCSI disk
Begin: Loading essential drivers[   13.489225] md: linear personality registered for level -1
 ... [   13.521775] md: multipath personality registered for level -4
[   13.534455] md: raid0 personality registered for level 0
[   13.550532] md: raid1 personality registered for level 1
[   13.627715] raid6: sse2x1   gen()  9733 MB/s
[   13.695578] raid6: sse2x1   xor()  6785 MB/s
[   13.763585] raid6: sse2x2   gen() 10496 MB/s
[   13.840131] raid6: sse2x2   xor()  4591 MB/s
[   13.919998] raid6: sse2x4   gen() 14896 MB/s
[   14.023660] raid6: sse2x4   xor()  9563 MB/s
[   14.123715] raid6: avx2x1   gen() 19389 MB/s
[   14.203727] raid6: avx2x2   gen() 22918 MB/s
[   14.275639] raid6: avx2x4   gen() 28967 MB/s
[   14.316194] raid6: using algorithm avx2x4 gen() 28967 MB/s
[   14.367967] raid6: using avx2x2 recovery algorithm
[   14.371182] xor: automatically using best checksumming function:
[   14.415738]    avx       : 20494.000 MB/sec
[   14.424423] async_tx: api initialized (async)
[   14.444125] md: raid6 personality registered for level 6
[   14.502717] md: raid5 personality registered for level 5
[   14.556399] md: raid4 personality registered for level 4
[   14.604976] md: raid10 personality registered for level 10
done.
Begin: Running /scripts/init-premount ... done.
Begin: Mounting root file system ... Begin: Running /scripts/local-top ... done.
Begin: Running /scripts/local-premount ... [   14.663721] Btrfs loaded
Scanning for Btrfs filesystems
done.
Warning: fsck no[   14.713694] EXT4-fs (sda1): mounted filesystem with ordered data mode. Opts: (null)
t present, so skipping root file system
done.
Begin: Running /scripts/local-bottom ... done.
Begin: Running /scripts/init-bottom ... done.
[   14.926529] systemd[1]: systemd 229 running in system mode. (+PAM +AUDIT +SELINUX +IMA +APPARMOR +SMACK +SYSVINIT +UTMP +LIBCRYPTSETUP +GCRYPT +GNUTLS +ACL +XZ -LZ4 +SECCOMP +BLKID +ELFUTILS +KMOD -IDN)
[   14.948248] systemd[1]: Detected virtualization oracle.
[   14.951818] systemd[1]: Detected architecture x86-64.

Welcome to [1mUbuntu 16.04.5 LTS[0m!

[   14.980799] systemd[1]: Set hostname to <ubuntu>.
[   14.987323] systemd[1]: Initializing machine ID from random generator.
[   15.065442] systemd[1]: Installed transient /etc/machine-id file.
[   15.320015] systemd[1]: Listening on Journal Socket (/dev/log).
[[0;32m  OK  [0m] Listening on Journal Socket (/dev/log).
[   15.348232] systemd[1]: Created slice System Slice.
[[0;32m  OK  [0m] Created slice System Slice.
[   15.375167] systemd[1]: Listening on udev Control Socket.
[[0;32m  OK  [0m] Listening on udev Control Socket.
[   15.457488] systemd[1]: Started Forward Password Requests to Wall Directory Watch.
[[0;32m  OK  [0m] Started Forward Password Requests to Wall Directory Watch.
[   15.632143] systemd[1]: Listening on /dev/initctl Compatibility Named Pipe.
[[0;32m  OK  [0m] Listening on /dev/initctl Compatibility Named Pipe.
[   15.759401] systemd[1]: Reached target Encrypted Volumes.
[[0;32m  OK  [0m] Reached target Encrypted Volumes.
[   15.853005] systemd[1]: Listening on LVM2 poll daemon socket.
[[0;32m  OK  [0m] Listening on LVM2 poll daemon socket.
[   15.944946] systemd[1]: Reached target Swap.
[[0;32m  OK  [0m] Reached target Swap.
[   15.990942] systemd[1]: Listening on Journal Socket.
[[0;32m  OK  [0m] Listening on Journal Socket.
[   16.024338] systemd[1]: Starting Set console keymap...
         Starting Set console keymap...
[   16.048718] systemd[1]: Starting Load Kernel Modules...
         Starting Load Kernel Modules...
[   16.062757] systemd[1]: Starting Create list of required static device nodes for the current kernel...
         Startin[   16.081752] Loading iSCSI transport class v2.0-870.
g Create list of required st... nodes for the current kernel...
[   16.097966] systemd[1]: Starting Nameserver information manager...
[   16.122820] random: nonblocking pool is initialized
         Startin[   16.126563] iscsi: registered transport (tcp)
g Nameserver information manager...
[   16.189577] iscsi: registered transport (iser)
[   16.216129] systemd[1]: Mounting POSIX Message Queue File System...
         Mounting POSIX Message Queue File System...
[   16.224138] systemd[1]: Mounting Huge Pages File System...
         Mounting Huge Pages File System...
[   16.228677] systemd[1]: Listening on Syslog Socket.
[[0;32m  OK  [0m] Listening on Syslog Socket.
[   16.290172] systemd[1]: Created slice system-serial\x2dgetty.slice.
[[0;32m  OK  [0m] Created slice system-serial\x2dgetty.slice.
[   16.398645] systemd[1]: Started Trigger resolvconf update for networkd DNS.
[[0;32m  OK  [0m] Started Trigger resolvconf update for networkd DNS.
[   16.429146] systemd[1]: Reached target System Time Synchronized.
[[0;32m  OK  [0m] Reached target System Time Synchronized.
[   16.533413] systemd[1]: Listening on LVM2 metadata daemon socket.
[[0;32m  OK  [0m] Listening on LVM2 metadata daemon socket.
[   16.568105] systemd[1]: Starting Uncomplicated firewall...
         Starting Uncomplicated firewall...
[   16.577073] systemd[1]: Listening on Device-mapper event daemon FIFOs.
[[0;32m  OK  [0m] Listening on Device-mapper event daemon FIFOs.
[   16.616317] systemd[1]: Starting Monitoring of LVM2 mirrors, snapshots etc. using dmeventd or progress polling...
         Starting Monitoring of LVM2 mirrors... dmeventd or progress polling...
[   16.640072] systemd[1]: Mounting Debug File System...
         Mounting Debug File System...
[   16.659753] systemd[1]: Listening on udev Kernel Socket.
[[0;32m  OK  [0m] Listening on udev Kernel Socket.
[   16.664766] systemd[1]: Listening on Journal Audit Socket.
[[0;32m  OK  [0m] Listening on Journal Audit Socket.
[   16.690103] systemd[1]: Reached target User and Group Name Lookups.
[[0;32m  OK  [0m] Reached target User and Group Name Lookups.
[   16.694838] systemd[1]: Set up automount Arbitrary Executable File Formats File System Automount Point.
[[0;32m  OK  [0m] Set up automount Arbitrary Executab...ats File System Automount Point.
[   16.979377] systemd[1]: Created slice User and Session Slice.
[[0;32m  OK  [0m] Created slice User and Session Slice.
[   17.012673] systemd[1]: Reached target Slices.
[[0;32m  OK  [0m] Reached target Slices.
[   17.080382] systemd[1]: Starting Journal Service...
         Starting Journal Service...
[   17.109193] systemd[1]: Starting Remount Root and Kernel File Systems...
[   17.115052] EXT4-fs (sda1): re-mounted. Opts: (null)
         Starting Remount Root and Kernel File Systems...
[   17.147672] systemd[1]: Mounted Huge Pages File System.
[[0;32m  OK  [0m] Mounted Huge Pages File System.
[   17.152102] systemd[1]: Mounted Debug File System.
[[0;32m  OK  [0m] Mounted Debug File System.
[   17.156390] systemd[1]: Mounted POSIX Message Queue File System.
[[0;32m  OK  [0m] Mounted POSIX Message Queue File System.
[   17.162017] systemd[1]: Started Journal Service.
[[0;32m  OK  [0m] Started Journal Service.
[[0;32m  OK  [0m] Started Set console keymap.
[[0;32m  OK  [0m] Started Load Kernel Modules.
[[0;32m  OK  [0m] Started Create list of required sta...ce nodes for the current kernel.
[[0;32m  OK  [0m] Started Uncomplicated firewall.
[[0;32m  OK  [0m] Started Remount Root and Kernel File Systems.
[[0;32m  OK  [0m] Started Nameserver information manager.
[[0;32m  OK  [0m] Started LVM2 metadata daemon.
         Starting udev Coldplug all Devices...
         Starting Load/Save Random Seed...
         Starting Create Static Device Nodes in /dev...
         Mounting FUSE Control File System...
         Starting Apply Kernel Variables...
         Starting Flush Journal to Persistent Storage...
[[0;32m  OK  [0m] Mounted FUSE Control File System.
[[0;32m  OK  [0m] Started Load/Save Random Seed.
[[0;32m  OK  [0m] Started Create Static Device Nodes in /dev.
[[0;32m  OK  [0m] Started Apply Kernel Variables.
[[0;32m  OK  [0m] Started udev Coldplug all Devices.
[[0;32m  OK  [0m] Started Monitoring of LVM2 mirrors,...ng dmeventd or progress polling.
[[0;32m  OK  [0m] Started Flush Journal to Persistent Storage.
         Starting udev Kernel Device Manager...
[[0;32m  OK  [0m] Reached target Local File Systems (Pre).
[[0;32m  OK  [0m] Reached target Local File Systems.
         Starting Commit a transient machine-id on disk...
         Starting Create Volatile Files and Directories...
         Starting Set console font and keymap...
         Starting Tell Plymouth To Write Out Runtime Data...
         Starting LSB: AppArmor initialization...
         Starting Initial cloud-init job (pre-networking)...
[[0;32m  OK  [0m] Started udev Kernel Device Manager.
[[0;32m  OK  [0m] Started Commit a transient machine-id on disk.
[[0;32m  OK  [0m] Started Create Volatile Files and Directories.
[[0;32m  OK  [0m] Started Tell Plymouth To Write Out Runtime Data.
         Starting Update UTMP about System Boot/Shutdown...
[[0;32m  OK  [0m] Started Dispatch Password Requests to Console Directory Watch.
[[0;32m  OK  [0m] Started Update UTMP about System Boot/Shutdown.
[[0;32m  OK  [0m] Found device /dev/ttyS0.
[[0;32m  OK  [0m] Listening on Load/Save RF Kill Switch Status /dev/rfkill Watch.
[   15.808563] cloud-init[497]: Cloud-init v. 18.4-0ubuntu1~16.04.2 running 'init-local' at Sun, 17 Feb 2019 21:55:20 +0000. Up 15.41 seconds.
[[0;32m  OK  [0m] Started LSB: AppArmor initialization.
[[0;32m  OK  [0m] Started Initial cloud-init job (pre-networking).
[[0;32m  OK  [0m] Reached target Network (Pre).
         Starting Raise network interfaces...
[[0;32m  OK  [0m] Started Set console font and keymap.
[[0;32m  OK  [0m] Created slice system-getty.slice.
[[0;32m  OK  [0m] Started Raise network interfaces.
[[0;32m  OK  [0m] Reached target Network.
         Starting Initial cloud-init job (metadata service crawler)...
[   17.468188] cloud-init[928]: Cloud-init v. 18.4-0ubuntu1~16.04.2 running 'init' at Sun, 17 Feb 2019 21:55:21 +0000. Up 16.90 seconds.
[[   17.576590] cloud-init[928]: ci-info: ++++++++++++++++++++++++++++++++++++++Net device info++++++++++++++++++++++++++++++++++++++
[   17.577880] cloud-init[928]: ci-info: +--------+------+----------------------------+---------------+--------+-------------------+
[   17.578034] cloud-init[928]: ci-info: | Device |  Up  |          Address           |      Mask     | Scope  |     Hw-Address    |
[   17.578135] cloud-init[928]: ci-info: +--------+------+----------------------------+---------------+--------+-------------------+
[   17.578232] cloud-init[928]: ci-info: | enp0s3 | True |         10.0.2.15          | 255.255.255.0 | global | 02:a9:46:80:4d:77 |
[   17.578328] cloud-init[928]: ci-info: | enp0s3 | True | fe80::a9:46ff:fe80:4d77/64 |       .       |  link  | 02:a9:46:80:4d:77 |
[   17.578421] cloud-init[928]: ci-info: |   lo   | True |         127.0.0.1          |   255.0.0.0   |  host  |         .         |
[   17.578514] cloud-init[928]: ci-info: |   lo   | True |          ::1/128           |       .       |  host  |         .         |
[   17.578616] cloud-init[928]: ci-info: +--------+------+----------------------------+---------------+--------+-------------------+
[   17.578710] cloud-init[928]: ci-info: +++++++++++++++++++++++++++Route IPv4 info++++++++++++++++++++++++++++
[   17.578803] cloud-init[928]: ci-info: +-------+-------------+----------+---------------+-----------+-------+
[   17.578900] cloud-init[928]: ci-info: | Route | Destination | Gateway  |    Genmask    | Interface | Flags |
[   17.578994] cloud-init[928]: ci-info: +-------+-------------+----------+---------------+-----------+-------+
[   17.579090] cloud-init[928]: ci-info: |   0   |   0.0.0.0   | 10.0.2.2 |    0.0.0.0    |   enp0s3  |   UG  |
[   17.579184] cloud-init[928]: ci-info: |   1   |   10.0.2.0  | 0.0.0.0  | 255.255.255.0 |   enp0s3  |   U   |
[   17.579278] cloud-init[928]: ci-info: +-------+-------------+----------+---------------+-----------+-------+
[   17.579370] cloud-init[928]: ci-info: +++++++++++++++++++Route IPv6 info+++++++++++++++++++
[   17.579464] cloud-init[928]: ci-info: +-------+-------------+---------+-----------+-------+
[   17.579556] cloud-init[928]: ci-info: | Route | Destination | Gateway | Interface | Flags |
[   17.579649] cloud-init[928]: ci-info: +-------+-------------+---------+-----------+-------+
[   17.579744] cloud-init[928]: ci-info: |   0   |  fe80::/64  |    ::   |   enp0s3  |   U   |
[   17.579837] cloud-init[928]: ci-info: |   3   |   ff00::/8  |    ::   |   enp0s3  |   U   |
[   17.579930] cloud-init[928]: ci-info: +-------+-------------+---------+-----------+-------+
[   17.580046] cloud-init[928]: Generating public/private rsa key pair.
[   17.580141] cloud-init[928]: Your identification has been saved in /etc/ssh/ssh_host_rsa_key.
[   17.580233] cloud-init[928]: Your public key has been saved in /etc/ssh/ssh_host_rsa_key.pub.
[   17.580326] cloud-init[928]: The key fingerprint is:
[   17.580419] cloud-init[928]: SHA256:+RlUsntvMkGUpYJTIhwYsE3Y8xeMTlsqci+60Rjaigc root@ubuntu-xenial
[0;32m  OK  [0m] Started Initial cloud-init job (metadata service crawler).
[   17.580632] [[0;32m  OK  [0m] Reached target Network is Online.
cloud-init[928]: The key's randomart image is:
[   18.864910] cloud-init[928]: +---[RSA 2048]----+
         Starting iSCSI initiator daemon (iscsid)...
[[0;32m  OK  [0m] Reached target System Initialization.
[   18.888191] [[0;32m  OK  [0m] Listening on D-Bus System Message Bus Socket.
cloud-init[928]: |  .+o+o+. o oo.  |
[   18.996763] [cloud-init[0;32m  OK  [0m[928]: ] |  .++ +.++ =..   |Started Daily apt download activities.

[[0;32m  OK  [0m] Listening on ACPID Listen Socket.
[   19.043296] [[0;32m  OK  [0m] Listening on UUID daemon activation socket.
cloud-init[928]: |  . .= +o.+ o    |
[   19.136218] [[0;32m  OK  [0m] Started Daily apt upgrade and clean activities.
cloud-init[[0;32m  OK  [0m] Started Daily Cleanup of Temporary Directories.
[928]: [[0;32m  OK  [0m] Reached target Timers.
|  . o = .+ +     |
[   19.197584] [[0;32m  OK  [0m] Started ACPI Events Check.
cloud-init[[0;32m  OK  [0m] Reached target Paths.
[928]: |  .o o .S o o    |
[   19.244347]          Starting Socket activation for snappy daemon.
cloud-init[928]: |Eo +. .  . + o   |
[   19.292713]          Starting LXD - unix socket.
cloud-init[[0;32m  OK  [0m] Reached target Cloud-config availability.
[928]: |..+...    o o o  |
[   19.363075] [[0;32m  OK  [0m] Listening on Socket activation for snappy daemon.
cloud-init[928]: |..o.         +   |
[   19.370343] [[0;32m  OK  [0m] Listening on LXD - unix socket.
cloud-init[[0;32m  OK  [0m] Started iSCSI initiator daemon (iscsid).
[928]: |o...             |
[   19.394698] cloud-init[928]: +----[SHA256]-----+
[   19.397850] cloud-init[928]: Generating public/private dsa key pair.         Starting Login to default iSCSI targets...
[[0;32m  OK  [0m] Reached target Sockets.
[[0;32m  OK  [0m] Reached target Basic System.

         Starting LSB: MD monitoring daemon...
[   19.421737] cloud-init[928]: Your identification has been saved in /etc/ssh/ssh_host_dsa_key.
[   19.438284] [[0;32m  OK  [0m] Started D-Bus System Message Bus.
cloud-init[928]: Your public key has been saved in /etc/ssh/ssh_host_dsa_key.pub.
[   19.461096] cloud-init[928]: The key fingerprint is:
[   19.472918] cloud-init[928]: SHA256:i+S4CNgllje/8zgK5ngvcd14nGv2ti3mOrZ6LuO1V2M root@ubuntu-xenial
[   19.549255]          Starting Login Service...
cloud-init[928]: The key's randomart image is:
[   19.564540] [[0;32m  OK  [0m] Started Deferred execution scheduler.
cloud-init[[0;32m  OK  [0m] Started Regular background program processing daemon.
         Starting LXD - container startup/shutdown...
[928]: +---[DSA 1024]----+
[   19.589541]          Starting Pollinate to seed the pseudo random number generator...
cloud-init[928]: |                 |
         Starting System Logging Service...
[   19.627742] cloud-init         Starting Snappy daemon...
[928]:          Starting /etc/rc.local Compatibility...
[[0;32m  OK  [0m] Started Unattended Upgrades Shutdown.
|                 |
[   19.653245] [[0;32m  OK  [0m] Started FUSE filesystem for LXC.
cloud-init         [928]: Starting Accounts Service...|                 |

[   19.674286] [[0;32m  OK  [0m] Started ACPI event daemon.
cloud-init         Starting Virtualbox guest utils...
[928]:          Starting LSB: Record successful boot for GRUB...
[[0;32m  OK  [0m] Started System Logging Service.
[[0;32m  OK  [0m] Started /etc/rc.local Compatibility.
|   .             |
[   19.698430] cloud-init[928]: |  + +..+S.       |
[   19.710528] cloud-init[928]: |.o.+.*o.=.  E    |
[   19.735060] [[0;32m  OK  [0m] Started LSB: MD monitoring daemon.
cloud-init[928]: |o +o. +.o. o .   |
[   19.766830] cloud-init[928]: | =oo .=+B.=.     |
[   19.789213] [[0;32m  OK  [0m] Started LXD - container startup/shutdown.
cloud-init[928]: |..oo+o=&*X+o.    |
[   19.810378] [[0;32m  OK  [0m] Started Login to default iSCSI targets.
cloud-init[928]: +----[SHA256]-----+
[   19.826563] cloud-init[928]: Generating public/private ecdsa key pair.
[   19.834188] cloud-init[928]: Your identification has been saved in /etc/ssh/ssh_host_ecdsa_key.
[[0;32m  OK  [0m] Started Login Service.
         Starting Authenticate and Authorize Users to Run Privileged Tasks...
[[0;32m  OK  [0m] Reached target Remote File Systems (Pre).
[[0;32m  OK  [0m] Reached target Remote File Systems.
[   19.856161] cloud-init[928]: Your public key has been saved in /etc/ssh/ssh_host_ecdsa_key.pub.
[   19.876605] cloud-init[928]: The key fingerprint is:
[   19.879640] cloud-init[928]: SHA256:Y70abvR/9WrOVzR/SY3dEqhKl9tviOBAGL+a6rrh4x8 root@ubuntu-xenial
[   19.897091]          Starting LSB: automatic crash report generation...
cloud-init         Starting LSB: Set the CPU Frequency Scaling governor to "ondemand"...
[928]:          Starting Permit User Sessions...
         Starting LSB: daemon to balance interrupts for SMP systems...
[[0;32m  OK  [0m] Started LSB: Record successful boot for GRUB.
[[0;32m  OK  [0m] Started Permit User Sessions.
[[0;32m  OK  [0m] Started Authenticate and Authorize Users to Run Privileged Tasks.
[[0;32m  OK  [0m] Started Accounts Service.
The key's randomart image is:
[   19.932136] cloud-init[928]: +---[ECDSA 256]---+
         Starting Hold until boot process finishes up...[   19.935761] cloud-init[928]: |             .   |
[   19.940329] cloud-init[928]: |    .       . .  |
[   19.940749] cloud-init[928]: |     +     o   +o|
[   19.941168] cloud-init[928]: |    . o ..+   oo=|
[   19.941595] cloud-init[928]: |     . oSo.o  .o+|
[   19.942024] cloud-init[928]: |      o.+....  .=|
[   19.942483] cloud-init[928]: |.  E o +.o.. o .+|
[   19.943440] cloud-init[928]: |.o  +  .ooo ..= o|
[   19.943480] cloud-init[928]: |+*=o   .o  ..=+o |
[   19.943514] cloud-init[928]: +----[SHA256]-----+
[   19.943547] cloud-init[928]: Generating public/private ed25519 key pair.
[   19.943579] cloud-init[928]: Your identification has been saved in /etc/ssh/ssh_host_ed25519_key.
[   19.943612] cloud-init[928]: Your public key has been saved in /etc/ssh/ssh_host_ed25519_key.pub.
[   19.943651] cloud-init[928]: The key fingerprint is:
[   19.943683] cloud-init[928]: SHA256:SbvoVswh8ujS1eLfLzBdokdFZEdbt+dPmmErBw50p3Y root@ubuntu-xenial
[   19.943716] cloud-init[928]: The key's randomart image is:
[   19.943750] cloud-init[928]: +--[ED25519 256]--+
[   19.943784] cloud-init[928]: |           o+.o o|
[   19.943816] cloud-init[928]: |           ... oo|
[   19.943849] cloud-init[928]: |        . ... o..|
[   19.943881] cloud-init[928]: |    . ...+o..o ..|
[   19.943913] cloud-init[928]: |     + =S=.o+ E o|
[   19.943944] cloud-init[928]: |    . +.O.o+ + *.|

[   19.945878] cloud-init[928]: |   o o.o.+  o = .|
[   20.292743] cloud-init[928]: |  . o.o  ..  o   |
         [   20.293946] cloud-init[928]: |   . .... .o.    |
Starting Terminate Plymouth Boot Screen...
[[0;32m  OK  [0m] Started Snappy daemon.
[   20.295123] cloud-init[928]: +----[SHA256]-----+
[[0;32m  OK  [0m] Started Pollinate to seed the pseudo random number generator.
[[0;32m  OK  [0m] Started Virtualbox guest utils.
[[0;32m  OK  [0m] Started LSB: automatic crash report generation.
[[0;32m  OK  [0m] Started Hold until boot process finishes up.
[[0;32m  OK  [0m] Started Terminate Plymouth Boot Screen.
         Starting Set console scheme...
[[0;32m  OK  [0m] Started Serial Getty on ttyS0.
[[0;32m  OK  [0m] Started Getty on tty1.
[[0;32m  OK  [0m] Reached target Login Prompts.
         Starting OpenBSD Secure Shell server...
         Starting Wait until snapd is fully seeded...
[[0;32m  OK  [0m] Started LSB: Set the CPU Frequency Scaling governor to "ondemand".
[[0;32m  OK  [0m] Started LSB: daemon to balance interrupts for SMP systems.
[[0;32m  OK  [0m] Started Set console scheme.
[[0;32m  OK  [0m] Started OpenBSD Secure Shell server.
[[0;32m  OK  [0m] Started Wait until snapd is fully seeded.
[[0;32m  OK  [0m] Reached target Multi-User System.
[[0;32m  OK  [0m] Reached target Graphical Interface.
         Starting Update UTMP about System Runlevel Changes...
         Starting Apply the settings specified in cloud-config...
[[0;32m  OK  [0m] Started Update UTMP about System Runlevel Changes.
[   22.557230] cloud-init[1261]: Generating locales (this might take a while)...
[   23.504217] cloud-init[1261]:   en_US.UTF-8... done
[   23.506812] cloud-init[1261]: Generation complete.
[[0;32m  OK  [0m] Created slice User Slice of vagrant.
         Starting User Manager for UID 1000...
[[0;32m  OK  [0m] Started Session 1 of user vagrant.
[[0;32m  OK  [0m] Started User Manager for UID 1000.
[   23.837288] cloud-init[1261]: Cloud-init v. 18.4-0ubuntu1~16.04.2 running 'modules:config' at Sun, 17 Feb 2019 21:55:27 +0000. Up 22.47 seconds.
[[0;32m  OK  [0m] Started Apply the settings specified in cloud-config.
         Starting Execute cloud user/final scripts...
ci-info: no authorized ssh keys fingerprints found for user ubuntu.
<14>Feb 17 21:55:29 ec2: 
<14>Feb 17 21:55:29 ec2: #############################################################
<14>Feb 17 21:55:29 ec2: -----BEGIN SSH HOST KEY FINGERPRINTS-----
<14>Feb 17 21:55:29 ec2: 1024 SHA256:i+S4CNgllje/8zgK5ngvcd14nGv2ti3mOrZ6LuO1V2M root@ubuntu-xenial (DSA)
<14>Feb 17 21:55:29 ec2: 256 SHA256:Y70abvR/9WrOVzR/SY3dEqhKl9tviOBAGL+a6rrh4x8 root@ubuntu-xenial (ECDSA)
<14>Feb 17 21:55:29 ec2: 256 SHA256:SbvoVswh8ujS1eLfLzBdokdFZEdbt+dPmmErBw50p3Y root@ubuntu-xenial (ED25519)
<14>Feb 17 21:55:29 ec2: 2048 SHA256:+RlUsntvMkGUpYJTIhwYsE3Y8xeMTlsqci+60Rjaigc root@ubuntu-xenial (RSA)
<14>Feb 17 21:55:29 ec2: -----END SSH HOST KEY FINGERPRINTS-----
<14>Feb 17 21:55:29 ec2: #############################################################
-----BEGIN SSH HOST KEY KEYS-----
ecdsa-sha2-nistp256 AAAAE2VjZHNhLXNoYTItbmlzdHAyNTYAAAAIbmlzdHAyNTYAAABBBOm16RE4B9iz8AaNYN8A8wsah5ZUukK77nJwWDZerf9YmCU387IHLC/w0w01jm+PLBdczwZ+0rJ8OThM2NMQ8fQ= root@ubuntu-xenial
ssh-ed25519 AAAAC3NzaC1lZDI1NTE5AAAAIJWB6Ge0HUuYLxm/kRb5mPuWGyfkeCWCwGpWjBCkPJXT root@ubuntu-xenial
ssh-rsa AAAAB3NzaC1yc2EAAAADAQABAAABAQC2VmQpHcqOupY7dud3DbE5U6NB4IsZIrjsuffAoyhagB73hgAx0ouosObyqzbopFLi1Xe6Rcxg4Zn25Xo+TF/6T67AsA1Cxbez9jZ+svOZjMuq+hfXWkWiIfrX1ys51t9EpO0giCLMosBbYBwtqVO9tTsRdrFlKTdH4wyb2QqHWS8uexeLYbg5Y2lvCnA88iyhkLE7uyknLB9hYL5C+2yccLY1XCT1vYaoWBJCQwr0HunwPoyo7mFmXvqtqtz34Ky8EYRLV/pyWzUzF9AS2kBf5M1S2VpMyaBsDCSwdxOxZm2UIty+wO9IZBh6/5ihfGzmrM1sWZrlUaC2hdvqGRjF root@ubuntu-xenial
-----END SSH HOST KEY KEYS-----
[   24.843486] cloud-init[1362]: Cloud-init v. 18.4-0ubuntu1~16.04.2 running 'modules:final' at Sun, 17 Feb 2019 21:55:29 +0000. Up 24.53 seconds.
[   24.860159] cloud-init[1362]: ci-info: no authorized ssh keys fingerprints found for user ubuntu.
[   24.866685] cloud-init[1362]: Cloud-init v. 18.4-0ubuntu1~16.04.2 finished at Sun, 17 Feb 2019 21:55:29 +0000. Datasource DataSourceNoCloud [seed=/dev/sdb][dsmode=net].  Up 24.83 seconds
[[0;32m  OK  [0m] Started Execute cloud user/final scripts.
[[0;32m  OK  [0m] Reached target Cloud-init target.

Ubuntu 16.04.5 LTS ubuntu-xenial ttyS0

ubuntu-xenial login: 